Microchip MPLAB XC8 Compiler V1.33 ()

Linker command line:

--edf=C:\Program Files (x86)\Microchip\xc8\v1.33\dat\en_msgs.txt -cs \
  -h+PIC16F877A.sym --cmf=PIC16F877A.cmf -z -Q16F877A \
  -oC:\Users\Ninguem\AppData\Local\Temp\s650.6 -MPIC16F877A.map -E1 \
  -ver=XC8 -ASTACK=0110h-016fh -pstack=STACK -ACONST=00h-0FFhx32 \
  -ACODE=00h-07FFhx4 -ASTRCODE=00h-01FFFh -AENTRY=00h-0FFhx32 \
  -ASTRING=00h-0FFhx32 -ACOMMON=070h-07Fh -ABANK0=020h-06Fh \
  -ABANK1=0A0h-0EFh -ABANK2=0110h-016Fh -ABANK3=0190h-01EFh \
  -ARAM=020h-06Fh,0A0h-0EFh,0110h-016Fh,0190h-01EFh \
  -AABS1=020h-07Fh,0A0h-0EFh,0110h-016Fh,0190h-01EFh -ASFR0=00h-01Fh \
  -ASFR1=080h-09Fh -ASFR2=0100h-010Fh -ASFR3=0180h-018Fh \
  -preset_vec=00h,intentry=04h,init,end_init -ppowerup=CODE -pcinit=CODE \
  -pfunctab=CODE -ACONFIG=02007h-02007h -pconfig=CONFIG -DCONFIG=2 \
  -AIDLOC=02000h-02003h -pidloc=IDLOC -DIDLOC=2 -AEEDATA=00h-0FFh/02100h \
  -peeprom_data=EEDATA -DEEDATA=2 -DCODE=2 -DSTRCODE=2 -DSTRING=2 -DCONST=2 \
  -DENTRY=2 -k startup.obj PIC16F877A.obj 

Object code version is 3.11

Machine type is 16F877A



                Name                               Link     Load   Length Selector   Space Scale
startup.obj     end_init                             12       12        3        8       0
                reset_vec                             0        0        3        0       0
                config                             2007     2007        1     400E       0
PIC16F877A.obj  cinit                                15       15       3C        8       0
                intentry                              4        4        E        8       0
                text41                             1612     1612       68     2C24       0
                text40                              729      729       D3        8       0
                text39                             16E5     16E5       8C     2DCA       0
                text38                             12BD     12BD       14     257A       0
                text37                             15B5     15B5       5D     2B6A       0
                text36                             131E     131E       1E     263C       0
                text35                              9AA      9AA      107     1354       0
                text34                              8F2      8F2       B8     11E4       0
                text33                             1263     1263        8     24C6       0
                text32                              BCF      BCF      150     179E       0
                text31                              AB1      AB1      11E     1562       0
                text30                             12E8     12E8       1B     25D0       0
                text29                               51       51      521        8       0
                text28                             126B     126B        8     24D6       0
                text27                             139E     139E       23     273C       0
                text26                             1303     1303       1B     2606       0
                text25                             125D     125D        6     24BA       0
                text24                             14EE     14EE       3E     29DC       0
                text23                             13C1     13C1       23     2782       0
                text22                              E70      E70      190     1CE0       0
                text21                             12AB     12AB       12     2556       0
                text20                             12D1     12D1       17     25A2       0
                text19                             142D     142D       29     285A       0
                text18                             133C     133C       20     2678       0
                text17                             167A     167A       6B     2CF4       0
                text16                              8DB      8DB       17     11B6       0
                text15                             1456     1456       31     28AC       0
                text14                             135C     135C       21     26B8       0
                text13                             137D     137D       21     26FA       0
                text12                             13E4     13E4       24     27C8       0
                text11                             1283     1283        B     2506       0
                text10                             1273     1273        8     24E6       0
                text9                              1771     1771       8F     2EE2       0
                text8                              156C     156C       49     2AD8       0
                text7                              128E     128E        D     251C       0
                text6                              1487     1487       31     290E       0
                text5                              152C     152C       40     2A58       0
                text4                              14B8     14B8       36     2970       0
                text3                              1408     1408       25     2810       0
                text2                              129B     129B       10     2536       0
                text1                               572      572      1B7        8       0
                maintext                            D1F      D1F      151     1A3E       0
                cstackBANK0                          20       20       3F       20       1
                cstackCOMMON                         70       70        E       70       1
                cstackBANK1                          C7       C7       22       A0       1
                clrtext                            127B     127B        8     24F6       0
                bssBANK3                            190      190       17      190       1
                dataBANK1                            E9       E9        5       A0       1
                bssBANK1                             A0       A0       27       A0       1
                bssBANK0                             5F       5F       10       20       1
                strings                             800      800       DB     1000       0
                idataBANK1                         1258     1258        5     24B0       0

TOTAL           Name                               Link     Load   Length     Space
        CLASS   STACK          

        CLASS   CONST          

        CLASS   CODE           
                end_init                             12       12        3         0
                cinit                                15       15       3C         0
                intentry                              4        4        E         0
                reset_vec                             0        0        3         0
                text41                             1612     1612       68         0
                text40                              729      729       D3         0
                text39                             16E5     16E5       8C         0
                text38                             12BD     12BD       14         0
                text37                             15B5     15B5       5D         0
                text36                             131E     131E       1E         0
                text35                              9AA      9AA      107         0
                text34                              8F2      8F2       B8         0
                text33                             1263     1263        8         0
                text32                              BCF      BCF      150         0
                text31                              AB1      AB1      11E         0
                text30                             12E8     12E8       1B         0
                text29                               51       51      521         0
                text28                             126B     126B        8         0
                text27                             139E     139E       23         0
                text26                             1303     1303       1B         0
                text25                             125D     125D        6         0
                text24                             14EE     14EE       3E         0
                text23                             13C1     13C1       23         0
                text22                              E70      E70      190         0
                text21                             12AB     12AB       12         0
                text20                             12D1     12D1       17         0
                text19                             142D     142D       29         0
                text18                             133C     133C       20         0
                text17                             167A     167A       6B         0
                text16                              8DB      8DB       17         0
                text15                             1456     1456       31         0
                text14                             135C     135C       21         0
                text13                             137D     137D       21         0
                text12                             13E4     13E4       24         0
                text11                             1283     1283        B         0
                text10                             1273     1273        8         0
                text9                              1771     1771       8F         0
                text8                              156C     156C       49         0
                text7                              128E     128E        D         0
                text6                              1487     1487       31         0
                text5                              152C     152C       40         0
                text4                              14B8     14B8       36         0
                text3                              1408     1408       25         0
                text2                              129B     129B       10         0
                text1                               572      572      1B7         0
                maintext                            D1F      D1F      151         0
                clrtext                            127B     127B        8         0
                idataBANK1                         1258     1258        5         0

        CLASS   STRCODE        

        CLASS   ENTRY          

        CLASS   STRING         
                strings                             800      800       DB         0

        CLASS   COMMON         
                cstackCOMMON                         70       70        E         1

        CLASS   BANK0          
                cstackBANK0                          20       20       3F         1
                bssBANK0                             5F       5F       10         1

        CLASS   BANK1          
                cstackBANK1                          C7       C7       22         1
                dataBANK1                            E9       E9        5         1
                bssBANK1                             A0       A0       27         1

        CLASS   BANK2          

        CLASS   BANK3          
                bssBANK3                            190      190       17         1

        CLASS   RAM            

        CLASS   ABS1           
                abs_s1                               7E       7E        2         1

        CLASS   SFR0           

        CLASS   SFR1           

        CLASS   SFR2           

        CLASS   SFR3           

        CLASS   CONFIG         
                config                             2007     2007        1         0

        CLASS   IDLOC          

        CLASS   EEDATA         



SEGMENTS        Name                           Load    Length   Top    Selector   Space  Class     Delta

                reset_vec                      000000  000003  000003         0       0  CODE        2
                intentry                       000004  0007F8  0007FC         8       0  CODE        2
                cstackBANK0                    000020  00004F  00006F        20       1  BANK0       1
                cstackCOMMON                   000070  00000E  00007E        70       1  COMMON      1
                bssBANK1                       0000A0  00004E  0000EE        A0       1  BANK1       1
                bssBANK3                       000190  000017  0001A7       190       1  BANK3       1
                strings                        000800  0000DB  0008DB      1000       0  STRING      2
                text16                         0008DB  000017  0008F2      11B6       0  CODE        2
                text34                         0008F2  0000B8  0009AA      11E4       0  CODE        2
                text35                         0009AA  000107  000AB1      1354       0  CODE        2
                text31                         000AB1  00011E  000BCF      1562       0  CODE        2
                text32                         000BCF  000150  000D1F      179E       0  CODE        2
                maintext                       000D1F  000151  000E70      1A3E       0  CODE        2
                text22                         000E70  000190  001000      1CE0       0  CODE        2
                idataBANK1                     001258  000005  00125D      24B0       0  CODE        2
                text25                         00125D  000006  001263      24BA       0  CODE        2
                text33                         001263  000008  00126B      24C6       0  CODE        2
                text28                         00126B  000008  001273      24D6       0  CODE        2
                text10                         001273  000008  00127B      24E6       0  CODE        2
                clrtext                        00127B  000008  001283      24F6       0  CODE        2
                text11                         001283  00000B  00128E      2506       0  CODE        2
                text7                          00128E  00000D  00129B      251C       0  CODE        2
                text2                          00129B  000010  0012AB      2536       0  CODE        2
                text21                         0012AB  000012  0012BD      2556       0  CODE        2
                text38                         0012BD  000014  0012D1      257A       0  CODE        2
                text20                         0012D1  000017  0012E8      25A2       0  CODE        2
                text30                         0012E8  00001B  001303      25D0       0  CODE        2
                text26                         001303  00001B  00131E      2606       0  CODE        2
                text36                         00131E  00001E  00133C      263C       0  CODE        2
                text18                         00133C  000020  00135C      2678       0  CODE        2
                text14                         00135C  000021  00137D      26B8       0  CODE        2
                text13                         00137D  000021  00139E      26FA       0  CODE        2
                text27                         00139E  000023  0013C1      273C       0  CODE        2
                text23                         0013C1  000023  0013E4      2782       0  CODE        2
                text12                         0013E4  000024  001408      27C8       0  CODE        2
                text3                          001408  000025  00142D      2810       0  CODE        2
                text19                         00142D  000029  001456      285A       0  CODE        2
                text15                         001456  000031  001487      28AC       0  CODE        2
                text6                          001487  000031  0014B8      290E       0  CODE        2
                text4                          0014B8  000036  0014EE      2970       0  CODE        2
                text24                         0014EE  00003E  00152C      29DC       0  CODE        2
                text5                          00152C  000040  00156C      2A58       0  CODE        2
                text8                          00156C  000049  0015B5      2AD8       0  CODE        2
                text37                         0015B5  00005D  001612      2B6A       0  CODE        2
                text41                         001612  000068  00167A      2C24       0  CODE        2
                text17                         00167A  00006B  0016E5      2CF4       0  CODE        2
                text39                         0016E5  00008C  001771      2DCA       0  CODE        2
                text9                          001771  00008F  001800      2EE2       0  CODE        2
                config                         002007  000001  002008      400E       0  CONFIG      2


UNUSED ADDRESS RANGES

        Name                Unused          Largest block    Delta
        BANK0            006F-006F              1           1
        BANK1            00EE-00EF              2           1
        BANK2            0110-016F             60           1
        BANK3            01A7-01EF             49           1
        CODE             0003-0003              1           2
                         07FC-07FF              4
                         1000-1257            258
                         1800-1FFF            800
        CONST            0003-0003              1           2
                         07FC-07FF              4
                         1000-1257            100
                         1800-1FFF            100
        EEDATA           2100-21FF            100           2
        ENTRY            0003-0003              1           2
                         07FC-07FF              4
                         1000-1257            100
                         1800-1FFF            100
        IDLOC            2000-2003              4           2
        RAM              006F-006F              1           1
                         00EE-00EF              2
                         0110-016F             60
                         01A7-01EF             49
        SFR0             0000-001F             20           1
        SFR1             0080-009F             20           1
        SFR2             0100-010F             10           1
        SFR3             0180-018F             10           1
        STACK            0110-016F             60           1
        STRCODE          0003-0003              1           2
                         07FC-07FF              4
                         1000-1257            258
                         1800-1FFF            800
        STRING           0003-0003              1           2
                         07FC-07FF              4
                         1000-1257            100
                         1800-1FFF            100

                                  Symbol Table

?___aldiv                     cstackBANK1  00C7
?___ftadd                     cstackCOMMON 0078
?___ftdiv                     cstackBANK0  0027
?___ftmul                     cstackBANK0  0037
?___ftneg                     cstackCOMMON 0070
?___ftpack                    cstackCOMMON 0070
?___fttol                     cstackCOMMON 0070
?___lwdiv                     cstackBANK1  00C7
?___lwmod                     cstackBANK1  00CF
?___lwtoft                    cstackCOMMON 0078
?___wmul                      cstackBANK1  00C7
?_max_val                     cstackBANK0  0020
?_sprintf                     cstackBANK1  00D5
?_trapmf                      cstackBANK0  0037
?_trimf                       cstackBANK0  0037
?i1___lwdiv                   cstackCOMMON 0070
?i1___wmul                    cstackCOMMON 0078
Fuzzy@a                       cstackBANK0  004C
Fuzzy@a_233                   cstackBANK0  004E
Fuzzy@a_234                   cstackBANK0  0050
Fuzzy@aumenta                 cstackBANK0  0058
Fuzzy@mantem                  cstackBANK0  0052
Fuzzy@reduz                   cstackBANK0  0055
Fuzzy@tip                     cstackBANK0  0049
LCD_Cursor@Col                cstackBANK1  00C7
LCD_Cursor@Row                cstackBANK1  00C9
LCD_WriteCmd@Byte             cstackBANK1  00C8
LCD_WriteData@Byte            cstackBANK1  00C8
LCD_WriteString@Str           cstackBANK1  00C9
PWM_DutyCycle1@valor          cstackBANK1  00C7
PWM_DutyCycle2@valor          cstackBANK1  00C7
TIMER0_Set@contagens          cstackBANK1  00C7
USART_Init@BaudRate           cstackBANK1  00D6
USART_ReceiveChar@byte        cstackCOMMON 0074
USART_WriteChar@byte          cstackBANK1  00C7
USART_WriteString@str         cstackBANK1  00C8
_ADCON0bits                   (abs)        001F
_ADCON1bits                   (abs)        009F
_ADCResult                    bssBANK1     00B5
_ADC_Init                     text21       12AB
_ADRESH                       (abs)        001E
_ADRESL                       (abs)        009E
_CCP1CON                      (abs)        0017
_CCP1CONbits                  (abs)        0017
_CCP2CON                      (abs)        001D
_CCP2CONbits                  (abs)        001D
_CCPR1L                       (abs)        0015
_CCPR2L                       (abs)        001B
_EEADR                        (abs)        010D
_EECON1bits                   (abs)        018C
_EECON2                       (abs)        018D
_EEDATA                       (abs)        010C
_Fuzzy                        text29       0051
_INTCONbits                   (abs)        000B
_ISR                          text22       0E70
_LCD_Clear                    text19       142D
_LCD_Cursor                   text18       133C
_LCD_Init                     text17       167A
_LCD_WriteCmd                 text20       12D1
_LCD_WriteData                text16       08DB
_LCD_WriteString              text15       1456
_OERR                         (abs)        00C1
_OPTION_REGbits               (abs)        0081
_PIE1bits                     (abs)        008C
_PIE2bits                     (abs)        008D
_PIR1bits                     (abs)        000C
_PIR2bits                     (abs)        000D
_PORTA                        (abs)        0005
_PORTB                        (abs)        0006
_PORTBbits                    (abs)        0006
_PORTC                        (abs)        0007
_PORTD                        (abs)        0008
_PORTE                        (abs)        0009
_PORTEbits                    (abs)        0009
_PR2                          (abs)        0092
_PWM_DutyCycle1               text14       135C
_PWM_DutyCycle2               text13       137D
_PWM_Init                     text12       13E4
_RCREG                        (abs)        001A
_RCSTAbits                    (abs)        0018
_SPBRG                        (abs)        0099
_SSPADD                       (abs)        0093
_SSPBUF                       (abs)        0013
_SSPCON2                      (abs)        0091
_SSPCON2bits                  (abs)        0091
_SSPCONbits                   (abs)        0014
_SSPSTATbits                  (abs)        0094
_T1CON                        (abs)        0010
_T1CONbits                    (abs)        0010
_T2CONbits                    (abs)        0012
_TIMER0_Init                  text11       1283
_TIMER0_Set                   text10       1273
_TMR0                         (abs)        0001
_TMR1                         (abs)        000E
_TMR1H                        (abs)        000F
_TMR1L                        (abs)        000E
_TRISA                        (abs)        0085
_TRISB                        (abs)        0086
_TRISC                        (abs)        0087
_TRISD                        (abs)        0088
_TRISE                        (abs)        0089
_TXREG                        (abs)        0019
_TXSTAbits                    (abs)        0098
_USART_Init                   text8        156C
_USART_ReceiveChar            text26       1303
_USART_WriteChar              text7        128E
_USART_WriteString            text6        1487
__CFG_BOREN$OFF               (abs)        0000
__CFG_CP$OFF                  (abs)        0000
__CFG_CPD$OFF                 (abs)        0000
__CFG_FOSC$HS                 (abs)        0000
__CFG_LVP$OFF                 (abs)        0000
__CFG_PWRTE$ON                (abs)        0000
__CFG_WDTE$OFF                (abs)        0000
__Habs1                       abs1         0000
__Hbank0                      bank0        0000
__Hbank1                      bank1        0000
__Hbank2                      bank2        0000
__Hbank3                      bank3        0000
__HbssBANK0                   bssBANK0     0000
__HbssBANK1                   bssBANK1     0000
__HbssBANK3                   bssBANK3     0000
__Hcinit                      cinit        0051
__Hclrtext                    clrtext      0000
__Hcode                       code         0000
__Hcommon                     common       0000
__Hconfig                     config       2008
__HcstackBANK0                cstackBANK0  0000
__HcstackBANK1                cstackBANK1  0000
__HcstackCOMMON               cstackCOMMON 0000
__HdataBANK1                  dataBANK1    0000
__Heeprom_data                eeprom_data  0000
__Hend_init                   end_init     0015
__Hfunctab                    functab      0000
__HidataBANK1                 idataBANK1   0000
__Hidloc                      idloc        0000
__Hinit                       init         0012
__Hintentry                   intentry     0012
__Hmaintext                   maintext     0000
__Hpowerup                    powerup      0000
__Hram                        ram          0000
__Hreset_vec                  reset_vec    0003
__Hsfr0                       sfr0         0000
__Hsfr1                       sfr1         0000
__Hsfr2                       sfr2         0000
__Hsfr3                       sfr3         0000
__Hspace_0                    (abs)        2008
__Hspace_1                    (abs)        01A7
__Hspace_2                    (abs)        0000
__Hspace_3                    (abs)        0000
__Hstack                      stack        0000
__Hstrings                    strings      0000
__Htext                       text         0000
__Labs1                       abs1         0000
__Lbank0                      bank0        0000
__Lbank1                      bank1        0000
__Lbank2                      bank2        0000
__Lbank3                      bank3        0000
__LbssBANK0                   bssBANK0     0000
__LbssBANK1                   bssBANK1     0000
__LbssBANK3                   bssBANK3     0000
__Lcinit                      cinit        0015
__Lclrtext                    clrtext      0000
__Lcode                       code         0000
__Lcommon                     common       0000
__Lconfig                     config       2007
__LcstackBANK0                cstackBANK0  0000
__LcstackBANK1                cstackBANK1  0000
__LcstackCOMMON               cstackCOMMON 0000
__LdataBANK1                  dataBANK1    0000
__Leeprom_data                eeprom_data  0000
__Lend_init                   end_init     0012
__Lfunctab                    functab      0000
__LidataBANK1                 idataBANK1   0000
__Lidloc                      idloc        0000
__Linit                       init         0012
__Lintentry                   intentry     0004
__Lmaintext                   maintext     0000
__Lpowerup                    powerup      0000
__Lram                        ram          0000
__Lreset_vec                  reset_vec    0000
__Lsfr0                       sfr0         0000
__Lsfr1                       sfr1         0000
__Lsfr2                       sfr2         0000
__Lsfr3                       sfr3         0000
__Lspace_0                    (abs)        0000
__Lspace_1                    (abs)        0000
__Lspace_2                    (abs)        0000
__Lspace_3                    (abs)        0000
__Lstack                      stack        0000
__Lstrings                    strings      0000
__Ltext                       text         0000
__S0                          (abs)        2008
__S1                          (abs)        01A7
__S2                          (abs)        0000
__S3                          (abs)        0000
___aldiv                      text9        1771
___aldiv@counter              cstackBANK1  00D0
___aldiv@dividend             cstackBANK1  00CB
___aldiv@divisor              cstackBANK1  00C7
___aldiv@quotient             cstackBANK1  00D2
___aldiv@sign                 cstackBANK1  00D1
___ftadd                      text35       09AA
___ftadd@exp1                 cstackBANK0  0026
___ftadd@exp2                 cstackBANK0  0025
___ftadd@f1                   cstackCOMMON 0078
___ftadd@f2                   cstackCOMMON 007B
___ftadd@sign                 cstackBANK0  0024
___ftdiv                      text34       08F2
___ftdiv@cntr                 cstackBANK0  0031
___ftdiv@exp                  cstackBANK0  0035
___ftdiv@f1                   cstackBANK0  002A
___ftdiv@f2                   cstackBANK0  0027
___ftdiv@f3                   cstackBANK0  0032
___ftdiv@sign                 cstackBANK0  0036
___ftge                       text37       15B5
___ftge@ff1                   cstackCOMMON 0070
___ftge@ff2                   cstackCOMMON 0073
___ftmul                      text40       0729
___ftmul@cntr                 cstackBANK0  0045
___ftmul@exp                  cstackBANK0  0041
___ftmul@f1                   cstackBANK0  0037
___ftmul@f2                   cstackBANK0  003A
___ftmul@f3_as_product        cstackBANK0  0042
___ftmul@sign                 cstackBANK0  0046
___ftneg                      text33       1263
___ftneg@f1                   cstackCOMMON 0070
___ftpack                     text41       1612
___ftpack@arg                 cstackCOMMON 0070
___ftpack@exp                 cstackCOMMON 0073
___ftpack@sign                cstackCOMMON 0074
___fttol                      text39       16E5
___fttol@exp1                 cstackCOMMON 007D
___fttol@f1                   cstackCOMMON 0070
___fttol@lval                 cstackCOMMON 0079
___fttol@sign1                cstackCOMMON 0078
___int_sp                     stack        0000
___latbits                    (abs)        0002
___lwdiv                      text5        152C
___lwdiv@counter              cstackBANK1  00CE
___lwdiv@dividend             cstackBANK1  00C9
___lwdiv@divisor              cstackBANK1  00C7
___lwdiv@quotient             cstackBANK1  00CC
___lwmod                      text4        14B8
___lwmod@counter              cstackBANK1  00D4
___lwmod@dividend             cstackBANK1  00D1
___lwmod@divisor              cstackBANK1  00CF
___lwtoft                     text38       12BD
___lwtoft@c                   cstackCOMMON 0078
___sp                         stack        0000
___wmul                       text3        1408
___wmul@multiplicand          cstackBANK1  00C9
___wmul@multiplier            cstackBANK1  00C7
___wmul@product               cstackBANK1  00CB
__end_of_ADC_Init             text21       12BD
__end_of_Fuzzy                text29       0572
__end_of_ISR                  text22       1000
__end_of_LCD_Clear            text19       1456
__end_of_LCD_Cursor           text18       135C
__end_of_LCD_Init             text17       16E5
__end_of_LCD_WriteCmd         text20       12E8
__end_of_LCD_WriteData        text16       08F2
__end_of_LCD_WriteString      text15       1487
__end_of_PWM_DutyCycle1       text14       137D
__end_of_PWM_DutyCycle2       text13       139E
__end_of_PWM_Init             text12       1408
__end_of_TIMER0_Init          text11       128E
__end_of_TIMER0_Set           text10       127B
__end_of_USART_Init           text8        15B5
__end_of_USART_ReceiveChar    text26       131E
__end_of_USART_WriteChar      text7        129B
__end_of_USART_WriteString    text6        14B8
__end_of___aldiv              text9        1800
__end_of___ftadd              text35       0AB1
__end_of___ftdiv              text34       09AA
__end_of___ftge               text37       1612
__end_of___ftmul              text40       07FC
__end_of___ftneg              text33       126B
__end_of___ftpack             text41       167A
__end_of___fttol              text39       1771
__end_of___lwdiv              text5        156C
__end_of___lwmod              text4        14EE
__end_of___lwtoft             text38       12D1
__end_of___wmul               text3        142D
__end_of__initialization      cinit        004D
__end_of__stringdata          strings      08DB
__end_of__stringtab           strings      0810
__end_of_dpowers              strings      081A
__end_of_isdigit              text2        12AB
__end_of_main                 maintext     0E70
__end_of_max_val              text36       133C
__end_of_sprintf              text1        0729
__end_of_trapmf               text32       0D1F
__end_of_trimf                text31       0BCF
__end_ofi1_PWM_DutyCycle2     text30       1303
__end_ofi1_TIMER0_Set         text25       1263
__end_ofi1_USART_WriteChar    text28       1273
__end_ofi1_USART_WriteString  text27       13C1
__end_ofi1___lwdiv            text24       152C
__end_ofi1___wmul             text23       13E4
__initialization              cinit        0015
__pbssBANK0                   bssBANK0     005F
__pbssBANK1                   bssBANK1     00A0
__pbssBANK3                   bssBANK3     0190
__pcstackBANK0                cstackBANK0  0020
__pcstackBANK1                cstackBANK1  00C7
__pcstackCOMMON               cstackCOMMON 0070
__pdataBANK1                  dataBANK1    00E9
__pidataBANK1                 idataBANK1   1258
__pintentry                   intentry     0004
__pmaintext                   maintext     0D1F
__pstrings                    strings      0800
__ptext1                      text1        0572
__ptext10                     text10       1273
__ptext11                     text11       1283
__ptext12                     text12       13E4
__ptext13                     text13       137D
__ptext14                     text14       135C
__ptext15                     text15       1456
__ptext16                     text16       08DB
__ptext17                     text17       167A
__ptext18                     text18       133C
__ptext19                     text19       142D
__ptext2                      text2        129B
__ptext20                     text20       12D1
__ptext21                     text21       12AB
__ptext22                     text22       0E70
__ptext23                     text23       13C1
__ptext24                     text24       14EE
__ptext25                     text25       125D
__ptext26                     text26       1303
__ptext27                     text27       139E
__ptext28                     text28       126B
__ptext29                     text29       0051
__ptext3                      text3        1408
__ptext30                     text30       12E8
__ptext31                     text31       0AB1
__ptext32                     text32       0BCF
__ptext33                     text33       1263
__ptext34                     text34       08F2
__ptext35                     text35       09AA
__ptext36                     text36       131E
__ptext37                     text37       15B5
__ptext38                     text38       12BD
__ptext39                     text39       16E5
__ptext4                      text4        14B8
__ptext40                     text40       0729
__ptext41                     text41       1612
__ptext5                      text5        152C
__ptext6                      text6        1487
__ptext7                      text7        128E
__ptext8                      text8        156C
__ptext9                      text9        1771
__size_of_ADC_Init            (abs)        0000
__size_of_Fuzzy               (abs)        0000
__size_of_ISR                 (abs)        0000
__size_of_LCD_Clear           (abs)        0000
__size_of_LCD_Cursor          (abs)        0000
__size_of_LCD_Init            (abs)        0000
__size_of_LCD_WriteCmd        (abs)        0000
__size_of_LCD_WriteData       (abs)        0000
__size_of_LCD_WriteString     (abs)        0000
__size_of_PWM_DutyCycle1      (abs)        0000
__size_of_PWM_DutyCycle2      (abs)        0000
__size_of_PWM_Init            (abs)        0000
__size_of_TIMER0_Init         (abs)        0000
__size_of_TIMER0_Set          (abs)        0000
__size_of_USART_Init          (abs)        0000
__size_of_USART_ReceiveChar   (abs)        0000
__size_of_USART_WriteChar     (abs)        0000
__size_of_USART_WriteString   (abs)        0000
__size_of___aldiv             (abs)        0000
__size_of___ftadd             (abs)        0000
__size_of___ftdiv             (abs)        0000
__size_of___ftge              (abs)        0000
__size_of___ftmul             (abs)        0000
__size_of___ftneg             (abs)        0000
__size_of___ftpack            (abs)        0000
__size_of___fttol             (abs)        0000
__size_of___lwdiv             (abs)        0000
__size_of___lwmod             (abs)        0000
__size_of___lwtoft            (abs)        0000
__size_of___wmul              (abs)        0000
__size_of_isdigit             (abs)        0000
__size_of_main                (abs)        0000
__size_of_max_val             (abs)        0000
__size_of_sprintf             (abs)        0000
__size_of_trapmf              (abs)        0000
__size_of_trimf               (abs)        0000
__size_ofi1_PWM_DutyCycle2    (abs)        0000
__size_ofi1_TIMER0_Set        (abs)        0000
__size_ofi1_USART_WriteChar   (abs)        0000
__size_ofi1_USART_WriteString (abs)        0000
__size_ofi1___lwdiv           (abs)        0000
__size_ofi1___wmul            (abs)        0000
__stringbase                  strings      080F
__stringdata                  strings      081A
__stringtab                   strings      0800
_ativa_fan                    bssBANK1     00A0
_contador_rb6                 bssBANK1     00B7
_contagens_tm0                bssBANK1     00B9
_deltaV                       bssBANK0     006B
_derro                        bssBANK3     0190
_display_pwm                  bssBANK3     0193
_display_rpm                  bssBANK3     019D
_dpowers                      strings      0810
_fitemp                       bssBANK0     005F
_fop_rule1                    bssBANK1     00A3
_fop_rule2                    bssBANK1     00A6
_fop_rule3                    bssBANK1     00A9
_isdigit                      text2        129B
_isdigit$1448                 cstackBANK1  00C7
_main                         maintext     0D1F
_max_val                      text36       131E
_pas_cooler                   dataBANK1    00EC
_pulsos                       bssBANK1     00BB
_pwm                          bssBANK0     006D
_rpm                          bssBANK1     00BD
_setpoint                     dataBANK1    00E9
_setpointUI                   bssBANK1     00BF
_sprintf                      text1        0572
_status                       bssBANK1     00C1
_sum                          bssBANK1     00AC
_temp                         bssBANK0     0062
_temp_lida                    bssBANK1     00C3
_tempo_rb6                    bssBANK1     00C5
_tf                           bssBANK1     00AF
_total_area                   bssBANK1     00B2
_trapmf                       text32       0BCF
_trimf                        text31       0AB1
_x                            bssBANK0     0065
_y                            bssBANK0     0068
btemp                         (abs)        007E
clear_ram0                    clrtext      127B
end_of_initialization         cinit        004D
i1PWM_DutyCycle2@valor        cstackCOMMON 0070
i1TIMER0_Set@contagens        cstackCOMMON 0070
i1USART_WriteChar@byte        cstackCOMMON 0070
i1USART_WriteString@str       cstackCOMMON 0071
i1_PWM_DutyCycle2             text30       12E8
i1_TIMER0_Set                 text25       125D
i1_USART_WriteChar            text28       126B
i1_USART_WriteString          text27       139E
i1___lwdiv                    text24       14EE
i1___lwdiv@counter            cstackCOMMON 0077
i1___lwdiv@dividend           cstackCOMMON 0072
i1___lwdiv@divisor            cstackCOMMON 0070
i1___lwdiv@quotient           cstackCOMMON 0075
i1___wmul                     text23       13C1
i1___wmul@multiplicand        cstackCOMMON 007A
i1___wmul@multiplier          cstackCOMMON 0078
i1___wmul@product             cstackCOMMON 007C
interrupt_function            intentry     0004
intlevel0                     functab      0000
intlevel1                     functab      0000
intlevel2                     functab      0000
intlevel3                     functab      0000
intlevel4                     functab      0000
intlevel5                     functab      0000
isdigit@c                     cstackBANK1  00C8
ltemp                         (abs)        007E
ltemp0                        (abs)        007E
ltemp1                        (abs)        0082
ltemp2                        (abs)        0086
ltemp3                        (abs)        0080
max_val@a                     cstackBANK0  0020
max_val@b                     cstackBANK0  0023
reset_vec                     reset_vec    0000
saved_w                       (abs)        007E
sprintf@_val                  cstackBANK1  00DD
sprintf@ap                    cstackBANK1  00DB
sprintf@c                     cstackBANK1  00E5
sprintf@f                     cstackBANK1  00D5
sprintf@flag                  cstackBANK1  00E1
sprintf@prec                  cstackBANK1  00DC
sprintf@sp                    cstackBANK1  00E4
sprintf@width                 cstackBANK1  00E2
stackhi                       (abs)        0000
stacklo                       (abs)        0000
start                         init         0012
start_initialization          cinit        0015
trapmf@a                      cstackBANK0  003A
trapmf@b                      cstackBANK0  003D
trapmf@c                      cstackBANK0  0040
trapmf@d                      cstackBANK0  0043
trapmf@ua                     cstackBANK0  0046
trapmf@x                      cstackBANK0  0037
trimf@a                       cstackBANK0  003A
trimf@b                       cstackBANK0  003D
trimf@c                       cstackBANK0  0040
trimf@ua                      cstackBANK0  0043
trimf@x                       cstackBANK0  0037
ttemp                         (abs)        007E
ttemp0                        (abs)        007E
ttemp1                        (abs)        0081
ttemp2                        (abs)        0084
ttemp3                        (abs)        0087
ttemp4                        (abs)        007F
wtemp                         (abs)        007E
wtemp0                        (abs)        007E
wtemp1                        (abs)        0080
wtemp2                        (abs)        0082
wtemp3                        (abs)        0084
wtemp4                        (abs)        0086
wtemp5                        (abs)        0088
wtemp6                        (abs)        007F


FUNCTION INFORMATION:

 *************** function _main *****************
 Defined at:
		line 458 in file "R:\Note\Ultimo C no MPLAB\main.c"
 Parameters:    Size  Location     Type
		None
 Auto vars:     Size  Location     Type
		None
 Return value:  Size  Location     Type
		None               void
 Registers used:
		wreg, fsr0l, fsr0h, status,2, status,0, btemp+1, pclath, cstack
 Tracked objects:
		On entry : 
		On exit  : 
		Unchanged: 
 Data sizes:     COMMON   BANK0   BANK1   BANK3   BANK2
      Params:         0       0       0       0       0
      Locals:         0       0       0       0       0
      Temps:          0       0       3       0       0
      Totals:         0       0       3       0       0
Total ram usage:        3 bytes
 Hardware stack levels required when called:    7
 This function calls:
		_ADC_Init
		_LCD_Clear
		_LCD_Cursor
		_LCD_Init
		_LCD_WriteString
		_PWM_DutyCycle1
		_PWM_DutyCycle2
		_PWM_Init
		_TIMER0_Init
		_TIMER0_Set
		_USART_Init
		_USART_WriteString
		_sprintf
 This function is called by:
		Startup code after reset
 This function uses a non-reentrant model


 *************** function _sprintf *****************
 Defined at:
		line 492 in file "C:\Program Files (x86)\Microchip\xc8\v1.33\sources\common\doprnt.c"
 Parameters:    Size  Location     Type
  sp              1    wreg     PTR unsigned char 
		 -> display_pwm(10), display_rpm(10), 
  f               1   14[BANK1 ] PTR const unsigned char 
		 -> STR_15(5), STR_14(5), 
 Auto vars:     Size  Location     Type
  sp              1   29[BANK1 ] PTR unsigned char 
		 -> display_pwm(10), display_rpm(10), 
  _val            4   22[BANK1 ] struct .
  width           2   27[BANK1 ] int 
  c               1   30[BANK1 ] char 
  flag            1   26[BANK1 ] unsigned char 
  prec            1   21[BANK1 ] char 
  ap              1   20[BANK1 ] PTR void [1]
		 -> ?_sprintf(2), 
 Return value:  Size  Location     Type
                  2   14[BANK1 ] int 
 Registers used:
		wreg, fsr0l, fsr0h, status,2, status,0, btemp+1, pclath, cstack
 Tracked objects:
		On entry : 
		On exit  : 
		Unchanged: 
 Data sizes:     COMMON   BANK0   BANK1   BANK3   BANK2
      Params:         0       0       3       0       0
      Locals:         0       0      11       0       0
      Temps:          0       0       3       0       0
      Totals:         0       0      17       0       0
Total ram usage:       17 bytes
 Hardware stack levels used:    1
 Hardware stack levels required when called:    6
 This function calls:
		___lwdiv
		___lwmod
		___wmul
		_isdigit
 This function is called by:
		_main
 This function uses a non-reentrant model


 *************** function _isdigit *****************
 Defined at:
		line 8 in file "C:\Program Files (x86)\Microchip\xc8\v1.33\sources\common\isdigit.c"
 Parameters:    Size  Location     Type
  c               1    wreg     unsigned char 
 Auto vars:     Size  Location     Type
  c               1    1[BANK1 ] unsigned char 
 Return value:  Size  Location     Type
		None               void
 Registers used:
		wreg, status,2, status,0
 Tracked objects:
		On entry : 
		On exit  : 
		Unchanged: 
 Data sizes:     COMMON   BANK0   BANK1   BANK3   BANK2
      Params:         0       0       0       0       0
      Locals:         0       0       2       0       0
      Temps:          0       0       0       0       0
      Totals:         0       0       2       0       0
Total ram usage:        2 bytes
 Hardware stack levels used:    1
 Hardware stack levels required when called:    5
 This function calls:
		Nothing
 This function is called by:
		_sprintf
 This function uses a non-reentrant model


 *************** function ___wmul *****************
 Defined at:
		line 15 in file "C:\Program Files (x86)\Microchip\xc8\v1.33\sources\common\Umul16.c"
 Parameters:    Size  Location     Type
  multiplier      2    0[BANK1 ] unsigned int 
  multiplicand    2    2[BANK1 ] unsigned int 
 Auto vars:     Size  Location     Type
  product         2    4[BANK1 ] unsigned int 
 Return value:  Size  Location     Type
                  2    0[BANK1 ] unsigned int 
 Registers used:
		wreg, status,2, status,0
 Tracked objects:
		On entry : 
		On exit  : 
		Unchanged: 
 Data sizes:     COMMON   BANK0   BANK1   BANK3   BANK2
      Params:         0       0       4       0       0
      Locals:         0       0       2       0       0
      Temps:          0       0       0       0       0
      Totals:         0       0       6       0       0
Total ram usage:        6 bytes
 Hardware stack levels used:    1
 Hardware stack levels required when called:    5
 This function calls:
		Nothing
 This function is called by:
		_sprintf
 This function uses a non-reentrant model


 *************** function ___lwmod *****************
 Defined at:
		line 6 in file "C:\Program Files (x86)\Microchip\xc8\v1.33\sources\common\lwmod.c"
 Parameters:    Size  Location     Type
  divisor         2    8[BANK1 ] unsigned int 
  dividend        2   10[BANK1 ] unsigned int 
 Auto vars:     Size  Location     Type
  counter         1   13[BANK1 ] unsigned char 
 Return value:  Size  Location     Type
                  2    8[BANK1 ] unsigned int 
 Registers used:
		wreg, status,2, status,0
 Tracked objects:
		On entry : 
		On exit  : 
		Unchanged: 
 Data sizes:     COMMON   BANK0   BANK1   BANK3   BANK2
      Params:         0       0       4       0       0
      Locals:         0       0       1       0       0
      Temps:          0       0       1       0       0
      Totals:         0       0       6       0       0
Total ram usage:        6 bytes
 Hardware stack levels used:    1
 Hardware stack levels required when called:    5
 This function calls:
		Nothing
 This function is called by:
		_sprintf
 This function uses a non-reentrant model


 *************** function ___lwdiv *****************
 Defined at:
		line 6 in file "C:\Program Files (x86)\Microchip\xc8\v1.33\sources\common\lwdiv.c"
 Parameters:    Size  Location     Type
  divisor         2    0[BANK1 ] unsigned int 
  dividend        2    2[BANK1 ] unsigned int 
 Auto vars:     Size  Location     Type
  quotient        2    5[BANK1 ] unsigned int 
  counter         1    7[BANK1 ] unsigned char 
 Return value:  Size  Location     Type
                  2    0[BANK1 ] unsigned int 
 Registers used:
		wreg, status,2, status,0
 Tracked objects:
		On entry : 
		On exit  : 
		Unchanged: 
 Data sizes:     COMMON   BANK0   BANK1   BANK3   BANK2
      Params:         0       0       4       0       0
      Locals:         0       0       3       0       0
      Temps:          0       0       1       0       0
      Totals:         0       0       8       0       0
Total ram usage:        8 bytes
 Hardware stack levels used:    1
 Hardware stack levels required when called:    5
 This function calls:
		Nothing
 This function is called by:
		_sprintf
 This function uses a non-reentrant model


 *************** function _USART_WriteString *****************
 Defined at:
		line 52 in file "R:\Note\Ultimo C no MPLAB\usart.c"
 Parameters:    Size  Location     Type
  str             2    1[BANK1 ] PTR const unsigned char 
		 -> STR_19(40), STR_16(3), display_rpm(10), STR_12(20), 
		 -> STR_11(29), STR_10(15), STR_9(11), STR_8(14), 
		 -> STR_7(14), STR_6(11), STR_5(11), STR_4(11), 
		 -> STR_3(11), STR_2(11), STR_1(14), 
 Auto vars:     Size  Location     Type
		None
 Return value:  Size  Location     Type
		None               void
 Registers used:
		wreg, fsr0l, fsr0h, status,2, status,0, btemp+1, pclath, cstack
 Tracked objects:
		On entry : 
		On exit  : 
		Unchanged: 
 Data sizes:     COMMON   BANK0   BANK1   BANK3   BANK2
      Params:         0       0       2       0       0
      Locals:         0       0       0       0       0
      Temps:          0       0       0       0       0
      Totals:         0       0       2       0       0
Total ram usage:        2 bytes
 Hardware stack levels used:    1
 Hardware stack levels required when called:    6
 This function calls:
		_USART_WriteChar
 This function is called by:
		_main
 This function uses a non-reentrant model


 *************** function _USART_WriteChar *****************
 Defined at:
		line 44 in file "R:\Note\Ultimo C no MPLAB\usart.c"
 Parameters:    Size  Location     Type
  byte            1    wreg     unsigned char 
 Auto vars:     Size  Location     Type
  byte            1    0[BANK1 ] unsigned char 
 Return value:  Size  Location     Type
		None               void
 Registers used:
		wreg
 Tracked objects:
		On entry : 
		On exit  : 
		Unchanged: 
 Data sizes:     COMMON   BANK0   BANK1   BANK3   BANK2
      Params:         0       0       0       0       0
      Locals:         0       0       1       0       0
      Temps:          0       0       0       0       0
      Totals:         0       0       1       0       0
Total ram usage:        1 bytes
 Hardware stack levels used:    1
 Hardware stack levels required when called:    5
 This function calls:
		Nothing
 This function is called by:
		_USART_WriteString
 This function uses a non-reentrant model


 *************** function _USART_Init *****************
 Defined at:
		line 6 in file "R:\Note\Ultimo C no MPLAB\usart.c"
 Parameters:    Size  Location     Type
  BaudRate        4   15[BANK1 ] long 
 Auto vars:     Size  Location     Type
		None
 Return value:  Size  Location     Type
		None               void
 Registers used:
		wreg, status,2, status,0, pclath, cstack
 Tracked objects:
		On entry : 
		On exit  : 
		Unchanged: 
 Data sizes:     COMMON   BANK0   BANK1   BANK3   BANK2
      Params:         0       0       4       0       0
      Locals:         0       0       0       0       0
      Temps:          0       0       4       0       0
      Totals:         0       0       8       0       0
Total ram usage:        8 bytes
 Hardware stack levels used:    1
 Hardware stack levels required when called:    6
 This function calls:
		___aldiv
 This function is called by:
		_main
 This function uses a non-reentrant model


 *************** function ___aldiv *****************
 Defined at:
		line 6 in file "C:\Program Files (x86)\Microchip\xc8\v1.33\sources\common\aldiv.c"
 Parameters:    Size  Location     Type
  divisor         4    0[BANK1 ] long 
  dividend        4    4[BANK1 ] long 
 Auto vars:     Size  Location     Type
  quotient        4   11[BANK1 ] long 
  sign            1   10[BANK1 ] unsigned char 
  counter         1    9[BANK1 ] unsigned char 
 Return value:  Size  Location     Type
                  4    0[BANK1 ] long 
 Registers used:
		wreg, status,2, status,0
 Tracked objects:
		On entry : 
		On exit  : 
		Unchanged: 
 Data sizes:     COMMON   BANK0   BANK1   BANK3   BANK2
      Params:         0       0       8       0       0
      Locals:         0       0       6       0       0
      Temps:          0       0       1       0       0
      Totals:         0       0      15       0       0
Total ram usage:       15 bytes
 Hardware stack levels used:    1
 Hardware stack levels required when called:    5
 This function calls:
		Nothing
 This function is called by:
		_USART_Init
 This function uses a non-reentrant model


 *************** function _TIMER0_Set *****************
 Defined at:
		line 20 in file "R:\Note\Ultimo C no MPLAB\timers.c"
 Parameters:    Size  Location     Type
  contagens       1    wreg     unsigned char 
 Auto vars:     Size  Location     Type
  contagens       1    0[BANK1 ] unsigned char 
 Return value:  Size  Location     Type
		None               void
 Registers used:
		wreg
 Tracked objects:
		On entry : 
		On exit  : 
		Unchanged: 
 Data sizes:     COMMON   BANK0   BANK1   BANK3   BANK2
      Params:         0       0       0       0       0
      Locals:         0       0       1       0       0
      Temps:          0       0       0       0       0
      Totals:         0       0       1       0       0
Total ram usage:        1 bytes
 Hardware stack levels used:    1
 Hardware stack levels required when called:    5
 This function calls:
		Nothing
 This function is called by:
		_main
 This function uses a non-reentrant model


 *************** function _TIMER0_Init *****************
 Defined at:
		line 6 in file "R:\Note\Ultimo C no MPLAB\timers.c"
 Parameters:    Size  Location     Type
		None
 Auto vars:     Size  Location     Type
		None
 Return value:  Size  Location     Type
		None               void
 Registers used:
		None
 Tracked objects:
		On entry : 
		On exit  : 
		Unchanged: 
 Data sizes:     COMMON   BANK0   BANK1   BANK3   BANK2
      Params:         0       0       0       0       0
      Locals:         0       0       0       0       0
      Temps:          0       0       0       0       0
      Totals:         0       0       0       0       0
Total ram usage:        0 bytes
 Hardware stack levels used:    1
 Hardware stack levels required when called:    5
 This function calls:
		Nothing
 This function is called by:
		_main
 This function uses a non-reentrant model


 *************** function _PWM_Init *****************
 Defined at:
		line 5 in file "R:\Note\Ultimo C no MPLAB\pwm.c"
 Parameters:    Size  Location     Type
		None
 Auto vars:     Size  Location     Type
		None
 Return value:  Size  Location     Type
		None               void
 Registers used:
		wreg
 Tracked objects:
		On entry : 
		On exit  : 
		Unchanged: 
 Data sizes:     COMMON   BANK0   BANK1   BANK3   BANK2
      Params:         0       0       0       0       0
      Locals:         0       0       0       0       0
      Temps:          0       0       0       0       0
      Totals:         0       0       0       0       0
Total ram usage:        0 bytes
 Hardware stack levels used:    1
 Hardware stack levels required when called:    5
 This function calls:
		Nothing
 This function is called by:
		_main
 This function uses a non-reentrant model


 *************** function _PWM_DutyCycle2 *****************
 Defined at:
		line 96 in file "R:\Note\Ultimo C no MPLAB\pwm.c"
 Parameters:    Size  Location     Type
  valor           2    0[BANK1 ] int 
 Auto vars:     Size  Location     Type
		None
 Return value:  Size  Location     Type
		None               void
 Registers used:
		wreg, status,2, status,0
 Tracked objects:
		On entry : 
		On exit  : 
		Unchanged: 
 Data sizes:     COMMON   BANK0   BANK1   BANK3   BANK2
      Params:         0       0       2       0       0
      Locals:         0       0       0       0       0
      Temps:          0       0       2       0       0
      Totals:         0       0       4       0       0
Total ram usage:        4 bytes
 Hardware stack levels used:    1
 Hardware stack levels required when called:    5
 This function calls:
		Nothing
 This function is called by:
		_main
 This function uses a non-reentrant model


 *************** function _PWM_DutyCycle1 *****************
 Defined at:
		line 64 in file "R:\Note\Ultimo C no MPLAB\pwm.c"
 Parameters:    Size  Location     Type
  valor           2    0[BANK1 ] int 
 Auto vars:     Size  Location     Type
		None
 Return value:  Size  Location     Type
		None               void
 Registers used:
		wreg, status,2, status,0
 Tracked objects:
		On entry : 
		On exit  : 
		Unchanged: 
 Data sizes:     COMMON   BANK0   BANK1   BANK3   BANK2
      Params:         0       0       2       0       0
      Locals:         0       0       0       0       0
      Temps:          0       0       2       0       0
      Totals:         0       0       4       0       0
Total ram usage:        4 bytes
 Hardware stack levels used:    1
 Hardware stack levels required when called:    5
 This function calls:
		Nothing
 This function is called by:
		_main
 This function uses a non-reentrant model


 *************** function _LCD_WriteString *****************
 Defined at:
		line 61 in file "R:\Note\Ultimo C no MPLAB\lcd.c"
 Parameters:    Size  Location     Type
  Str             2    2[BANK1 ] PTR const unsigned char 
		 -> STR_18(8), STR_17(6), display_pwm(10), display_rpm(10), 
		 -> STR_13(17), 
 Auto vars:     Size  Location     Type
		None
 Return value:  Size  Location     Type
		None               void
 Registers used:
		wreg, fsr0l, fsr0h, status,2, status,0, btemp+1, pclath, cstack
 Tracked objects:
		On entry : 
		On exit  : 
		Unchanged: 
 Data sizes:     COMMON   BANK0   BANK1   BANK3   BANK2
      Params:         0       0       2       0       0
      Locals:         0       0       0       0       0
      Temps:          0       0       0       0       0
      Totals:         0       0       2       0       0
Total ram usage:        2 bytes
 Hardware stack levels used:    1
 Hardware stack levels required when called:    6
 This function calls:
		_LCD_WriteData
 This function is called by:
		_main
 This function uses a non-reentrant model


 *************** function _LCD_WriteData *****************
 Defined at:
		line 47 in file "R:\Note\Ultimo C no MPLAB\lcd.c"
 Parameters:    Size  Location     Type
  Byte            1    wreg     unsigned char 
 Auto vars:     Size  Location     Type
  Byte            1    1[BANK1 ] unsigned char 
 Return value:  Size  Location     Type
		None               void
 Registers used:
		wreg
 Tracked objects:
		On entry : 
		On exit  : 
		Unchanged: 
 Data sizes:     COMMON   BANK0   BANK1   BANK3   BANK2
      Params:         0       0       0       0       0
      Locals:         0       0       1       0       0
      Temps:          0       0       1       0       0
      Totals:         0       0       2       0       0
Total ram usage:        2 bytes
 Hardware stack levels used:    1
 Hardware stack levels required when called:    5
 This function calls:
		Nothing
 This function is called by:
		_LCD_WriteString
 This function uses a non-reentrant model


 *************** function _LCD_Init *****************
 Defined at:
		line 87 in file "R:\Note\Ultimo C no MPLAB\lcd.c"
 Parameters:    Size  Location     Type
		None
 Auto vars:     Size  Location     Type
		None
 Return value:  Size  Location     Type
		None               void
 Registers used:
		wreg, status,2, status,0, pclath, cstack
 Tracked objects:
		On entry : 
		On exit  : 
		Unchanged: 
 Data sizes:     COMMON   BANK0   BANK1   BANK3   BANK2
      Params:         0       0       0       0       0
      Locals:         0       0       0       0       0
      Temps:          0       0       2       0       0
      Totals:         0       0       2       0       0
Total ram usage:        2 bytes
 Hardware stack levels used:    1
 Hardware stack levels required when called:    6
 This function calls:
		_LCD_WriteCmd
 This function is called by:
		_main
 This function uses a non-reentrant model


 *************** function _LCD_Cursor *****************
 Defined at:
		line 10 in file "R:\Note\Ultimo C no MPLAB\lcd.c"
 Parameters:    Size  Location     Type
  Row             1    wreg     unsigned char 
  Col             1    0[BANK1 ] unsigned char 
 Auto vars:     Size  Location     Type
  Row             1    2[BANK1 ] unsigned char 
 Return value:  Size  Location     Type
		None               void
 Registers used:
		wreg, status,2, status,0
 Tracked objects:
		On entry : 
		On exit  : 
		Unchanged: 
 Data sizes:     COMMON   BANK0   BANK1   BANK3   BANK2
      Params:         0       0       1       0       0
      Locals:         0       0       1       0       0
      Temps:          0       0       1       0       0
      Totals:         0       0       3       0       0
Total ram usage:        3 bytes
 Hardware stack levels used:    1
 Hardware stack levels required when called:    5
 This function calls:
		Nothing
 This function is called by:
		_main
 This function uses a non-reentrant model


 *************** function _LCD_Clear *****************
 Defined at:
		line 71 in file "R:\Note\Ultimo C no MPLAB\lcd.c"
 Parameters:    Size  Location     Type
		None
 Auto vars:     Size  Location     Type
		None
 Return value:  Size  Location     Type
		None               void
 Registers used:
		wreg, status,2, status,0, pclath, cstack
 Tracked objects:
		On entry : 
		On exit  : 
		Unchanged: 
 Data sizes:     COMMON   BANK0   BANK1   BANK3   BANK2
      Params:         0       0       0       0       0
      Locals:         0       0       0       0       0
      Temps:          0       0       2       0       0
      Totals:         0       0       2       0       0
Total ram usage:        2 bytes
 Hardware stack levels used:    1
 Hardware stack levels required when called:    6
 This function calls:
		_LCD_WriteCmd
 This function is called by:
		_main
 This function uses a non-reentrant model


 *************** function _LCD_WriteCmd *****************
 Defined at:
		line 32 in file "R:\Note\Ultimo C no MPLAB\lcd.c"
 Parameters:    Size  Location     Type
  Byte            1    wreg     unsigned char 
 Auto vars:     Size  Location     Type
  Byte            1    1[BANK1 ] unsigned char 
 Return value:  Size  Location     Type
		None               void
 Registers used:
		wreg
 Tracked objects:
		On entry : 
		On exit  : 
		Unchanged: 
 Data sizes:     COMMON   BANK0   BANK1   BANK3   BANK2
      Params:         0       0       0       0       0
      Locals:         0       0       1       0       0
      Temps:          0       0       1       0       0
      Totals:         0       0       2       0       0
Total ram usage:        2 bytes
 Hardware stack levels used:    1
 Hardware stack levels required when called:    5
 This function calls:
		Nothing
 This function is called by:
		_LCD_Clear
		_LCD_Init
 This function uses a non-reentrant model


 *************** function _ADC_Init *****************
 Defined at:
		line 6 in file "R:\Note\Ultimo C no MPLAB\adc.c"
 Parameters:    Size  Location     Type
		None
 Auto vars:     Size  Location     Type
		None
 Return value:  Size  Location     Type
		None               void
 Registers used:
		None
 Tracked objects:
		On entry : 
		On exit  : 
		Unchanged: 
 Data sizes:     COMMON   BANK0   BANK1   BANK3   BANK2
      Params:         0       0       0       0       0
      Locals:         0       0       0       0       0
      Temps:          0       0       0       0       0
      Totals:         0       0       0       0       0
Total ram usage:        0 bytes
 Hardware stack levels used:    1
 Hardware stack levels required when called:    5
 This function calls:
		Nothing
 This function is called by:
		_main
 This function uses a non-reentrant model


 *************** function _ISR *****************
 Defined at:
		line 301 in file "R:\Note\Ultimo C no MPLAB\main.c"
 Parameters:    Size  Location     Type
		None
 Auto vars:     Size  Location     Type
		None
 Return value:  Size  Location     Type
		None               void
 Registers used:
		wreg, fsr0l, fsr0h, status,2, status,0, btemp+1, pclath, cstack
 Tracked objects:
		On entry : 
		On exit  : 
		Unchanged: 
 Data sizes:     COMMON   BANK0   BANK1   BANK3   BANK2
      Params:         0       0       0       0       0
      Locals:         0       0       0       0       0
      Temps:          0       4       0       0       0
      Totals:         0       4       0       0       0
Total ram usage:        4 bytes
 Hardware stack levels used:    1
 Hardware stack levels required when called:    4
 This function calls:
		_Fuzzy
		_USART_ReceiveChar
		___lwtoft
		i1_PWM_DutyCycle2
		i1_TIMER0_Set
		i1_USART_WriteString
		i1___lwdiv
		i1___wmul
 This function is called by:
		Interrupt level 1
 This function uses a non-reentrant model


 *************** function i1___wmul *****************
 Defined at:
		line 15 in file "C:\Program Files (x86)\Microchip\xc8\v1.33\sources\common\Umul16.c"
 Parameters:    Size  Location     Type
  multiplier      2    8[COMMON] unsigned int 
  multiplicand    2   10[COMMON] unsigned int 
 Auto vars:     Size  Location     Type
  __wmul          2   12[COMMON] unsigned int 
 Return value:  Size  Location     Type
                  2    8[COMMON] unsigned int 
 Registers used:
		wreg, status,2, status,0
 Tracked objects:
		On entry : 
		On exit  : 
		Unchanged: 
 Data sizes:     COMMON   BANK0   BANK1   BANK3   BANK2
      Params:         4       0       0       0       0
      Locals:         2       0       0       0       0
      Temps:          0       0       0       0       0
      Totals:         6       0       0       0       0
Total ram usage:        6 bytes
 Hardware stack levels used:    1
 This function calls:
		Nothing
 This function is called by:
		_ISR
 This function uses a non-reentrant model


 *************** function i1___lwdiv *****************
 Defined at:
		line 6 in file "C:\Program Files (x86)\Microchip\xc8\v1.33\sources\common\lwdiv.c"
 Parameters:    Size  Location     Type
  divisor         2    0[COMMON] unsigned int 
  dividend        2    2[COMMON] unsigned int 
 Auto vars:     Size  Location     Type
  __lwdiv         2    5[COMMON] unsigned int 
  __lwdiv         1    7[COMMON] unsigned char 
 Return value:  Size  Location     Type
                  2    0[COMMON] unsigned int 
 Registers used:
		wreg, status,2, status,0
 Tracked objects:
		On entry : 
		On exit  : 
		Unchanged: 
 Data sizes:     COMMON   BANK0   BANK1   BANK3   BANK2
      Params:         4       0       0       0       0
      Locals:         3       0       0       0       0
      Temps:          1       0       0       0       0
      Totals:         8       0       0       0       0
Total ram usage:        8 bytes
 Hardware stack levels used:    1
 This function calls:
		Nothing
 This function is called by:
		_ISR
 This function uses a non-reentrant model


 *************** function i1_TIMER0_Set *****************
 Defined at:
		line 20 in file "R:\Note\Ultimo C no MPLAB\timers.c"
 Parameters:    Size  Location     Type
  contagens       1    wreg     unsigned char 
 Auto vars:     Size  Location     Type
  contagens       1    0[COMMON] unsigned char 
 Return value:  Size  Location     Type
		None               void
 Registers used:
		wreg
 Tracked objects:
		On entry : 
		On exit  : 
		Unchanged: 
 Data sizes:     COMMON   BANK0   BANK1   BANK3   BANK2
      Params:         0       0       0       0       0
      Locals:         1       0       0       0       0
      Temps:          0       0       0       0       0
      Totals:         1       0       0       0       0
Total ram usage:        1 bytes
 Hardware stack levels used:    1
 This function calls:
		Nothing
 This function is called by:
		_ISR
 This function uses a non-reentrant model


 *************** function _USART_ReceiveChar *****************
 Defined at:
		line 63 in file "R:\Note\Ultimo C no MPLAB\usart.c"
 Parameters:    Size  Location     Type
		None
 Auto vars:     Size  Location     Type
  byte            1    4[COMMON] unsigned char 
 Return value:  Size  Location     Type
                  1    wreg      unsigned char 
 Registers used:
		wreg, fsr0l, fsr0h, status,2, status,0, btemp+1, pclath, cstack
 Tracked objects:
		On entry : 
		On exit  : 
		Unchanged: 
 Data sizes:     COMMON   BANK0   BANK1   BANK3   BANK2
      Params:         0       0       0       0       0
      Locals:         1       0       0       0       0
      Temps:          1       0       0       0       0
      Totals:         2       0       0       0       0
Total ram usage:        2 bytes
 Hardware stack levels used:    1
 Hardware stack levels required when called:    2
 This function calls:
		i1_USART_WriteString
 This function is called by:
		_ISR
 This function uses a non-reentrant model


 *************** function i1_USART_WriteString *****************
 Defined at:
		line 52 in file "R:\Note\Ultimo C no MPLAB\usart.c"
 Parameters:    Size  Location     Type
  str             2    1[COMMON] PTR const unsigned char 
		 -> STR_19(40), STR_16(3), display_rpm(10), STR_12(20), 
		 -> STR_11(29), STR_10(15), STR_9(11), STR_8(14), 
		 -> STR_7(14), STR_6(11), STR_5(11), STR_4(11), 
		 -> STR_3(11), STR_2(11), STR_1(14), 
 Auto vars:     Size  Location     Type
		None
 Return value:  Size  Location     Type
		None               void
 Registers used:
		wreg, fsr0l, fsr0h, status,2, status,0, btemp+1, pclath, cstack
 Tracked objects:
		On entry : 
		On exit  : 
		Unchanged: 
 Data sizes:     COMMON   BANK0   BANK1   BANK3   BANK2
      Params:         2       0       0       0       0
      Locals:         0       0       0       0       0
      Temps:          0       0       0       0       0
      Totals:         2       0       0       0       0
Total ram usage:        2 bytes
 Hardware stack levels used:    1
 Hardware stack levels required when called:    1
 This function calls:
		i1_USART_WriteChar
 This function is called by:
		_ISR
		_USART_ReceiveChar
 This function uses a non-reentrant model


 *************** function i1_USART_WriteChar *****************
 Defined at:
		line 44 in file "R:\Note\Ultimo C no MPLAB\usart.c"
 Parameters:    Size  Location     Type
  byte            1    wreg     unsigned char 
 Auto vars:     Size  Location     Type
  byte            1    0[COMMON] unsigned char 
 Return value:  Size  Location     Type
		None               void
 Registers used:
		wreg
 Tracked objects:
		On entry : 
		On exit  : 
		Unchanged: 
 Data sizes:     COMMON   BANK0   BANK1   BANK3   BANK2
      Params:         0       0       0       0       0
      Locals:         1       0       0       0       0
      Temps:          0       0       0       0       0
      Totals:         1       0       0       0       0
Total ram usage:        1 bytes
 Hardware stack levels used:    1
 This function calls:
		Nothing
 This function is called by:
		i1_USART_WriteString
 This function uses a non-reentrant model


 *************** function _Fuzzy *****************
 Defined at:
		line 130 in file "R:\Note\Ultimo C no MPLAB\main.c"
 Parameters:    Size  Location     Type
		None
 Auto vars:     Size  Location     Type
  a               2   48[BANK0 ] int 
  a               2   46[BANK0 ] int 
  a               2   44[BANK0 ] int 
  aumenta         3   56[BANK0 ] float 
  reduz           3   53[BANK0 ] float 
  mantem          3   50[BANK0 ] float 
  tip             3   41[BANK0 ] float 
 Return value:  Size  Location     Type
		None               void
 Registers used:
		wreg, status,2, status,0, btemp+1, pclath, cstack
 Tracked objects:
		On entry : 
		On exit  : 
		Unchanged: 
 Data sizes:     COMMON   BANK0   BANK1   BANK3   BANK2
      Params:         0       0       0       0       0
      Locals:         0      18       0       0       0
      Temps:          0       0       0       0       0
      Totals:         0      18       0       0       0
Total ram usage:       18 bytes
 Hardware stack levels used:    1
 Hardware stack levels required when called:    3
 This function calls:
		___ftadd
		___ftdiv
		___ftge
		___ftmul
		___ftneg
		___fttol
		___lwtoft
		_max_val
		_trapmf
		_trimf
		i1_PWM_DutyCycle2
 This function is called by:
		_ISR
 This function uses a non-reentrant model


 *************** function i1_PWM_DutyCycle2 *****************
 Defined at:
		line 96 in file "R:\Note\Ultimo C no MPLAB\pwm.c"
 Parameters:    Size  Location     Type
  valor           2    0[COMMON] int 
 Auto vars:     Size  Location     Type
		None
 Return value:  Size  Location     Type
		None               void
 Registers used:
		wreg, status,2, status,0
 Tracked objects:
		On entry : 
		On exit  : 
		Unchanged: 
 Data sizes:     COMMON   BANK0   BANK1   BANK3   BANK2
      Params:         2       0       0       0       0
      Locals:         0       0       0       0       0
      Temps:          2       0       0       0       0
      Totals:         4       0       0       0       0
Total ram usage:        4 bytes
 Hardware stack levels used:    1
 This function calls:
		Nothing
 This function is called by:
		_Fuzzy
		_ISR
 This function uses a non-reentrant model


 *************** function _trimf *****************
 Defined at:
		line 69 in file "R:\Note\Ultimo C no MPLAB\main.c"
 Parameters:    Size  Location     Type
  x               3   23[BANK0 ] float 
  a               3   26[BANK0 ] float 
  b               3   29[BANK0 ] float 
  c               3   32[BANK0 ] float 
 Auto vars:     Size  Location     Type
  ua              3   35[BANK0 ] float 
 Return value:  Size  Location     Type
                  3   23[BANK0 ] float 
 Registers used:
		wreg, status,2, status,0, pclath, cstack
 Tracked objects:
		On entry : 
		On exit  : 
		Unchanged: 
 Data sizes:     COMMON   BANK0   BANK1   BANK3   BANK2
      Params:         0      12       0       0       0
      Locals:         0       3       0       0       0
      Temps:          0       0       0       0       0
      Totals:         0      15       0       0       0
Total ram usage:       15 bytes
 Hardware stack levels used:    1
 Hardware stack levels required when called:    2
 This function calls:
		___ftadd
		___ftdiv
		___ftge
		___ftneg
 This function is called by:
		_Fuzzy
 This function uses a non-reentrant model


 *************** function _trapmf *****************
 Defined at:
		line 88 in file "R:\Note\Ultimo C no MPLAB\main.c"
 Parameters:    Size  Location     Type
  x               3   23[BANK0 ] float 
  a               3   26[BANK0 ] float 
  b               3   29[BANK0 ] float 
  c               3   32[BANK0 ] float 
  d               3   35[BANK0 ] float 
 Auto vars:     Size  Location     Type
  ua              3   38[BANK0 ] float 
 Return value:  Size  Location     Type
                  3   23[BANK0 ] float 
 Registers used:
		wreg, status,2, status,0, pclath, cstack
 Tracked objects:
		On entry : 
		On exit  : 
		Unchanged: 
 Data sizes:     COMMON   BANK0   BANK1   BANK3   BANK2
      Params:         0      15       0       0       0
      Locals:         0       3       0       0       0
      Temps:          0       0       0       0       0
      Totals:         0      18       0       0       0
Total ram usage:       18 bytes
 Hardware stack levels used:    1
 Hardware stack levels required when called:    2
 This function calls:
		___ftadd
		___ftdiv
		___ftge
		___ftneg
 This function is called by:
		_Fuzzy
 This function uses a non-reentrant model


 *************** function ___ftneg *****************
 Defined at:
		line 15 in file "C:\Program Files (x86)\Microchip\xc8\v1.33\sources\common\ftneg.c"
 Parameters:    Size  Location     Type
  f1              3    0[COMMON] float 
 Auto vars:     Size  Location     Type
		None
 Return value:  Size  Location     Type
                  3    0[COMMON] float 
 Registers used:
		wreg
 Tracked objects:
		On entry : 
		On exit  : 
		Unchanged: 
 Data sizes:     COMMON   BANK0   BANK1   BANK3   BANK2
      Params:         3       0       0       0       0
      Locals:         0       0       0       0       0
      Temps:          0       0       0       0       0
      Totals:         3       0       0       0       0
Total ram usage:        3 bytes
 Hardware stack levels used:    1
 This function calls:
		Nothing
 This function is called by:
		_trimf
		_trapmf
		_Fuzzy
 This function uses a non-reentrant model


 *************** function ___ftdiv *****************
 Defined at:
		line 49 in file "C:\Program Files (x86)\Microchip\xc8\v1.33\sources\pic\ftdiv.c"
 Parameters:    Size  Location     Type
  f2              3    7[BANK0 ] float 
  f1              3   10[BANK0 ] float 
 Auto vars:     Size  Location     Type
  f3              3   18[BANK0 ] float 
  sign            1   22[BANK0 ] unsigned char 
  exp             1   21[BANK0 ] unsigned char 
  cntr            1   17[BANK0 ] unsigned char 
 Return value:  Size  Location     Type
                  3    7[BANK0 ] float 
 Registers used:
		wreg, status,2, status,0, pclath, cstack
 Tracked objects:
		On entry : 
		On exit  : 
		Unchanged: 
 Data sizes:     COMMON   BANK0   BANK1   BANK3   BANK2
      Params:         0       6       0       0       0
      Locals:         0       6       0       0       0
      Temps:          0       4       0       0       0
      Totals:         0      16       0       0       0
Total ram usage:       16 bytes
 Hardware stack levels used:    1
 Hardware stack levels required when called:    1
 This function calls:
		___ftpack
 This function is called by:
		_trimf
		_trapmf
		_Fuzzy
 This function uses a non-reentrant model


 *************** function ___ftadd *****************
 Defined at:
		line 86 in file "C:\Program Files (x86)\Microchip\xc8\v1.33\sources\common\ftadd.c"
 Parameters:    Size  Location     Type
  f1              3    8[COMMON] float 
  f2              3   11[COMMON] float 
 Auto vars:     Size  Location     Type
  exp1            1    6[BANK0 ] unsigned char 
  exp2            1    5[BANK0 ] unsigned char 
  sign            1    4[BANK0 ] unsigned char 
 Return value:  Size  Location     Type
                  3    8[COMMON] float 
 Registers used:
		wreg, status,2, status,0, pclath, cstack
 Tracked objects:
		On entry : 
		On exit  : 
		Unchanged: 
 Data sizes:     COMMON   BANK0   BANK1   BANK3   BANK2
      Params:         6       0       0       0       0
      Locals:         0       3       0       0       0
      Temps:          0       4       0       0       0
      Totals:         6       7       0       0       0
Total ram usage:       13 bytes
 Hardware stack levels used:    1
 Hardware stack levels required when called:    1
 This function calls:
		___ftpack
 This function is called by:
		_trimf
		_trapmf
		_Fuzzy
 This function uses a non-reentrant model


 *************** function _max_val *****************
 Defined at:
		line 118 in file "R:\Note\Ultimo C no MPLAB\main.c"
 Parameters:    Size  Location     Type
  a               3    0[BANK0 ] float 
  b               3    3[BANK0 ] float 
 Auto vars:     Size  Location     Type
		None
 Return value:  Size  Location     Type
                  3    0[BANK0 ] float 
 Registers used:
		wreg, status,2, status,0, pclath, cstack
 Tracked objects:
		On entry : 
		On exit  : 
		Unchanged: 
 Data sizes:     COMMON   BANK0   BANK1   BANK3   BANK2
      Params:         0       6       0       0       0
      Locals:         0       0       0       0       0
      Temps:          0       0       0       0       0
      Totals:         0       6       0       0       0
Total ram usage:        6 bytes
 Hardware stack levels used:    1
 Hardware stack levels required when called:    1
 This function calls:
		___ftge
 This function is called by:
		_Fuzzy
 This function uses a non-reentrant model


 *************** function ___ftge *****************
 Defined at:
		line 4 in file "C:\Program Files (x86)\Microchip\xc8\v1.33\sources\common\ftge.c"
 Parameters:    Size  Location     Type
  ff1             3    0[COMMON] float 
  ff2             3    3[COMMON] float 
 Auto vars:     Size  Location     Type
		None
 Return value:  Size  Location     Type
		None               void
 Registers used:
		wreg, status,2, status,0
 Tracked objects:
		On entry : 
		On exit  : 
		Unchanged: 
 Data sizes:     COMMON   BANK0   BANK1   BANK3   BANK2
      Params:         6       0       0       0       0
      Locals:         0       0       0       0       0
      Temps:          6       0       0       0       0
      Totals:        12       0       0       0       0
Total ram usage:       12 bytes
 Hardware stack levels used:    1
 This function calls:
		Nothing
 This function is called by:
		_trimf
		_trapmf
		_max_val
		_Fuzzy
		_min_val
 This function uses a non-reentrant model


 *************** function ___lwtoft *****************
 Defined at:
		line 28 in file "C:\Program Files (x86)\Microchip\xc8\v1.33\sources\common\lwtoft.c"
 Parameters:    Size  Location     Type
  c               2    8[COMMON] unsigned int 
 Auto vars:     Size  Location     Type
		None
 Return value:  Size  Location     Type
                  3    8[COMMON] float 
 Registers used:
		wreg, status,2, status,0, pclath, cstack
 Tracked objects:
		On entry : 
		On exit  : 
		Unchanged: 
 Data sizes:     COMMON   BANK0   BANK1   BANK3   BANK2
      Params:         3       0       0       0       0
      Locals:         0       0       0       0       0
      Temps:          1       0       0       0       0
      Totals:         4       0       0       0       0
Total ram usage:        4 bytes
 Hardware stack levels used:    1
 Hardware stack levels required when called:    1
 This function calls:
		___ftpack
 This function is called by:
		_Fuzzy
		_ISR
 This function uses a non-reentrant model


 *************** function ___fttol *****************
 Defined at:
		line 44 in file "C:\Program Files (x86)\Microchip\xc8\v1.33\sources\common\fttol.c"
 Parameters:    Size  Location     Type
  f1              3    0[COMMON] float 
 Auto vars:     Size  Location     Type
  lval            4    9[COMMON] unsigned long 
  exp1            1   13[COMMON] unsigned char 
  sign1           1    8[COMMON] unsigned char 
 Return value:  Size  Location     Type
                  4    0[COMMON] long 
 Registers used:
		wreg, status,2, status,0
 Tracked objects:
		On entry : 
		On exit  : 
		Unchanged: 
 Data sizes:     COMMON   BANK0   BANK1   BANK3   BANK2
      Params:         4       0       0       0       0
      Locals:         6       0       0       0       0
      Temps:          4       0       0       0       0
      Totals:        14       0       0       0       0
Total ram usage:       14 bytes
 Hardware stack levels used:    1
 This function calls:
		Nothing
 This function is called by:
		_Fuzzy
 This function uses a non-reentrant model


 *************** function ___ftmul *****************
 Defined at:
		line 62 in file "C:\Program Files (x86)\Microchip\xc8\v1.33\sources\common\ftmul.c"
 Parameters:    Size  Location     Type
  f1              3   23[BANK0 ] float 
  f2              3   26[BANK0 ] float 
 Auto vars:     Size  Location     Type
  f3_as_produc    3   34[BANK0 ] unsigned um
  sign            1   38[BANK0 ] unsigned char 
  cntr            1   37[BANK0 ] unsigned char 
  exp             1   33[BANK0 ] unsigned char 
 Return value:  Size  Location     Type
                  3   23[BANK0 ] float 
 Registers used:
		wreg, status,2, status,0, pclath, cstack
 Tracked objects:
		On entry : 
		On exit  : 
		Unchanged: 
 Data sizes:     COMMON   BANK0   BANK1   BANK3   BANK2
      Params:         0       6       0       0       0
      Locals:         0       6       0       0       0
      Temps:          0       4       0       0       0
      Totals:         0      16       0       0       0
Total ram usage:       16 bytes
 Hardware stack levels used:    1
 Hardware stack levels required when called:    1
 This function calls:
		___ftpack
 This function is called by:
		_Fuzzy
 This function uses a non-reentrant model


 *************** function ___ftpack *****************
 Defined at:
		line 62 in file "C:\Program Files (x86)\Microchip\xc8\v1.33\sources\common\float.c"
 Parameters:    Size  Location     Type
  arg             3    0[COMMON] unsigned um
  exp             1    3[COMMON] unsigned char 
  sign            1    4[COMMON] unsigned char 
 Auto vars:     Size  Location     Type
		None
 Return value:  Size  Location     Type
                  3    0[COMMON] float 
 Registers used:
		wreg, status,2, status,0
 Tracked objects:
		On entry : 
		On exit  : 
		Unchanged: 
 Data sizes:     COMMON   BANK0   BANK1   BANK3   BANK2
      Params:         5       0       0       0       0
      Locals:         0       0       0       0       0
      Temps:          3       0       0       0       0
      Totals:         8       0       0       0       0
Total ram usage:        8 bytes
 Hardware stack levels used:    1
 This function calls:
		Nothing
 This function is called by:
		___ftadd
		___ftdiv
		___ftmul
		___lwtoft
 This function uses a non-reentrant model



MODULE INFORMATION

Module		Function		Class		Link	Load	Size
C:\Program Files (x86)\Microchip\xc8\v1.33\sources\common\ftneg.c
		___ftneg       		CODE           	1263	0000	8

C:\Program Files (x86)\Microchip\xc8\v1.33\sources\common\ftneg.c estimated size: 8

C:\Program Files (x86)\Microchip\xc8\v1.33\sources\common\ftge.c
		___ftge        		CODE           	15B5	0000	93

C:\Program Files (x86)\Microchip\xc8\v1.33\sources\common\ftge.c estimated size: 93

R:\Note\Ultimo C no MPLAB\pwm.c
		_PWM_DutyCycle1		CODE           	135C	0000	33
		_PWM_DutyCycle2		CODE           	137D	0000	33
		_PWM_Init      		CODE           	13E4	0000	36

R:\Note\Ultimo C no MPLAB\pwm.c estimated size: 102

C:\Program Files (x86)\Microchip\xc8\v1.33\sources\common\doprnt.c
		_sprintf       		CODE           	0572	0000	439

C:\Program Files (x86)\Microchip\xc8\v1.33\sources\common\doprnt.c estimated size: 439

C:\Program Files (x86)\Microchip\xc8\v1.33\sources\common\float.c
		___ftpack      		CODE           	1612	0000	104

C:\Program Files (x86)\Microchip\xc8\v1.33\sources\common\float.c estimated size: 104

R:\Note\Ultimo C no MPLAB\adc.c
		_ADC_Init      		CODE           	12AB	0000	18

R:\Note\Ultimo C no MPLAB\adc.c estimated size: 18

C:\Program Files (x86)\Microchip\xc8\v1.33\sources\common\lwmod.c
		___lwmod       		CODE           	14B8	0000	54

C:\Program Files (x86)\Microchip\xc8\v1.33\sources\common\lwmod.c estimated size: 54

C:\Program Files (x86)\Microchip\xc8\v1.33\sources\common\Umul16.c
		___wmul        		CODE           	1408	0000	37

C:\Program Files (x86)\Microchip\xc8\v1.33\sources\common\Umul16.c estimated size: 37

R:\Note\Ultimo C no MPLAB\usart.c
		_USART_WriteCha		CODE           	128E	0000	13
		_USART_ReceiveC		CODE           	1303	0000	27
		_USART_WriteStr		CODE           	1487	0000	49
		_USART_Init    		CODE           	156C	0000	73

R:\Note\Ultimo C no MPLAB\usart.c estimated size: 162

C:\Program Files (x86)\Microchip\xc8\v1.33\sources\common\ftmul.c
		___ftmul       		CODE           	0729	0000	211

C:\Program Files (x86)\Microchip\xc8\v1.33\sources\common\ftmul.c estimated size: 211

R:\Note\Ultimo C no MPLAB\lcd.c
		_LCD_Init      		CODE           	167A	0000	107
		_LCD_WriteStrin		CODE           	1456	0000	49
		_LCD_Clear     		CODE           	142D	0000	41
		_LCD_Cursor    		CODE           	133C	0000	32
		_LCD_WriteCmd  		CODE           	12D1	0000	23
		_LCD_WriteData 		CODE           	08DB	0000	23

R:\Note\Ultimo C no MPLAB\lcd.c estimated size: 275

R:\Note\Ultimo C no MPLAB\timers.c
		_TIMER0_Set    		CODE           	1273	0000	8
		_TIMER0_Init   		CODE           	1283	0000	11

R:\Note\Ultimo C no MPLAB\timers.c estimated size: 19

C:\Program Files (x86)\Microchip\xc8\v1.33\sources\common\lwdiv.c
		___lwdiv       		CODE           	152C	0000	64

C:\Program Files (x86)\Microchip\xc8\v1.33\sources\common\lwdiv.c estimated size: 64

shared
		i1_TIMER0_Set  		CODE           	125D	0000	6
		__stringtab    		STRING         	0800	0000	16
		i1_PWM_DutyCycl		CODE           	12E8	0000	27
		__stringdata   		STRING         	081A	0000	193
		i1___lwdiv     		CODE           	14EE	0000	62
		_dpowers       		STRING         	0810	0000	10
		i1___wmul      		CODE           	13C1	0000	35
		__initializatio		CODE           	0015	0000	56
		i1_USART_WriteS		CODE           	139E	0000	35
		i1_USART_WriteC		CODE           	126B	0000	8

shared estimated size: 448

C:\Program Files (x86)\Microchip\xc8\v1.33\sources\common\aldiv.c
		___aldiv       		CODE           	1771	0000	143

C:\Program Files (x86)\Microchip\xc8\v1.33\sources\common\aldiv.c estimated size: 143

C:\Program Files (x86)\Microchip\xc8\v1.33\sources\common\fttol.c
		___fttol       		CODE           	16E5	0000	140

C:\Program Files (x86)\Microchip\xc8\v1.33\sources\common\fttol.c estimated size: 140

C:\Program Files (x86)\Microchip\xc8\v1.33\sources\common\ftadd.c
		___ftadd       		CODE           	09AA	0000	263

C:\Program Files (x86)\Microchip\xc8\v1.33\sources\common\ftadd.c estimated size: 263

R:\Note\Ultimo C no MPLAB\main.c
		_ISR           		CODE           	0E70	0000	400
		_trimf         		CODE           	0AB1	0000	286
		_main          		CODE           	0D1F	0000	337
		_trapmf        		CODE           	0BCF	0000	336
		_max_val       		CODE           	131E	0000	30
		_Fuzzy         		CODE           	0051	0000	1313

R:\Note\Ultimo C no MPLAB\main.c estimated size: 2702

C:\Program Files (x86)\Microchip\xc8\v1.33\sources\pic\ftdiv.c
		___ftdiv       		CODE           	08F2	0000	184

C:\Program Files (x86)\Microchip\xc8\v1.33\sources\pic\ftdiv.c estimated size: 184

C:\Program Files (x86)\Microchip\xc8\v1.33\sources\common\lwtoft.c
		___lwtoft      		CODE           	12BD	0000	20

C:\Program Files (x86)\Microchip\xc8\v1.33\sources\common\lwtoft.c estimated size: 20

C:\Program Files (x86)\Microchip\xc8\v1.33\sources\common\isdigit.c
		_isdigit       		CODE           	129B	0000	16

C:\Program Files (x86)\Microchip\xc8\v1.33\sources\common\isdigit.c estimated size: 16

