Microchip MPLAB XC8 Compiler V1.33 ()

Linker command line:

--edf=C:\Program Files (x86)\Microchip\xc8\v1.33\dat\en_msgs.txt -cs \
  -h+PIC16F877A.sym --cmf=PIC16F877A.cmf -z -Q16F877A \
  -oC:\Users\Ninguem\AppData\Local\Temp\sil0.6 -MPIC16F877A.map -E1 \
  -ver=XC8 -ASTACK=0110h-016fh -pstack=STACK -ACONST=00h-0FFhx32 \
  -ACODE=00h-07FFhx4 -ASTRCODE=00h-01FFFh -AENTRY=00h-0FFhx32 \
  -ASTRING=00h-0FFhx32 -ACOMMON=070h-07Fh -ABANK0=020h-06Fh \
  -ABANK1=0A0h-0EFh -ABANK2=0110h-016Fh -ABANK3=0190h-01EFh \
  -ARAM=020h-06Fh,0A0h-0EFh,0110h-016Fh,0190h-01EFh \
  -AABS1=020h-07Fh,0A0h-0EFh,0110h-016Fh,0190h-01EFh -ASFR0=00h-01Fh \
  -ASFR1=080h-09Fh -ASFR2=0100h-010Fh -ASFR3=0180h-018Fh \
  -preset_vec=00h,intentry=04h,init,end_init -ppowerup=CODE -pcinit=CODE \
  -pfunctab=CODE -ACONFIG=02007h-02007h -pconfig=CONFIG -DCONFIG=2 \
  -AIDLOC=02000h-02003h -pidloc=IDLOC -DIDLOC=2 -AEEDATA=00h-0FFh/02100h \
  -peeprom_data=EEDATA -DEEDATA=2 -DCODE=2 -DSTRCODE=2 -DSTRING=2 -DCONST=2 \
  -DENTRY=2 -k startup.obj PIC16F877A.obj 

Object code version is 3.11

Machine type is 16F877A



                Name                               Link     Load   Length Selector   Space Scale
startup.obj     end_init                             12       12        3        8       0
                reset_vec                             0        0        3        0       0
                config                             2007     2007        1     400E       0
PIC16F877A.obj  cinit                                15       15       5E        8       0
                intentry                              4        4        E        8       0
                text36                             1798     1798       68     2F30       0
                text35                             1618     1618       21     2C30       0
                text34                              AF7      AF7       D1     15EE       0
                text33                              750      750       8E        8       0
                text32                             16FB     16FB       3E     2DF6       0
                text31                             1549     1549       14     2A92       0
                text30                             1739     1739       5F     2E72       0
                text29                             15DA     15DA       1E     2BB4       0
                text28                              CA1      CA1      109     1942       0
                text27                              8C6      8C6       B8     118C       0
                text26                             1517     1517        8     2A2E       0
                text25                              5FA      5FA      156        8       0
                text24                              DAA      DAA      124     1B54       0
                text23                             15A3     15A3       1B     2B46       0
                text22                               73       73      587        8       0
                text21                             151F     151F        8     2A3E       0
                text20                             15BE     15BE       1C     2B7C       0
                text19                             158B     158B       18     2B16       0
                text18                             165A     165A       23     2CB4       0
                text17                              A39      A39       BE     1472       0
                text16                             150B     150B        6     2A16       0
                text15                              ECE      ECE      132     1D9C       0
                text14                             1537     1537       12     2A6E       0
                text13                             155D     155D       17     2ABA       0
                text12                             16A1     16A1       29     2D42       0
                text11                             15F8     15F8       20     2BF0       0
                text10                              85B      85B       6B     10B6       0
                text9                              1574     1574       17     2AE8       0
                text8                              16CA     16CA       31     2D94       0
                text7                              1639     1639       21     2C72       0
                text6                               7DE      7DE       21        8       0
                text5                              167D     167D       24     2CFA       0
                text4                               805      805        B     100A       0
                text3                              1527     1527        8     2A4E       0
                text2                               97E      97E       BB     12FC       0
                text1                               810      810       4B     1020       0
                maintext                            BC8      BC8       D9     1790       0
                cstackBANK0                          20       20       43       20       1
                cstackCOMMON                         70       70        E       70       1
                cstackBANK1                          BF       BF       1B       A0       1
                cstackBANK3                         1AA      1AA       13      190       1
                clrtext                            152F     152F        8     2A5E       0
                dataBANK3                           1BD      1BD        6      190       1
                bssBANK3                            190      190       1A      190       1
                dataBANK1                            DA       DA        2       A0       1
                bssBANK1                             A0       A0       1F       A0       1
                dataBANK0                            6D       6D        2       20       1
                bssBANK0                             63       63        A       20       1
                strings                            1000     1000       5D     2000       0
                idataBANK3                         1511     1511        6     2A22       0
                idataBANK1                          801      801        2     1002       0
                idataBANK0                          803      803        2     1006       0

TOTAL           Name                               Link     Load   Length     Space
        CLASS   STACK          

        CLASS   CONST          

        CLASS   CODE           
                end_init                             12       12        3         0
                cinit                                15       15       5E         0
                intentry                              4        4        E         0
                reset_vec                             0        0        3         0
                text36                             1798     1798       68         0
                text35                             1618     1618       21         0
                text34                              AF7      AF7       D1         0
                text33                              750      750       8E         0
                text32                             16FB     16FB       3E         0
                text31                             1549     1549       14         0
                text30                             1739     1739       5F         0
                text29                             15DA     15DA       1E         0
                text28                              CA1      CA1      109         0
                text27                              8C6      8C6       B8         0
                text26                             1517     1517        8         0
                text25                              5FA      5FA      156         0
                text24                              DAA      DAA      124         0
                text23                             15A3     15A3       1B         0
                text22                               73       73      587         0
                text21                             151F     151F        8         0
                text20                             15BE     15BE       1C         0
                text19                             158B     158B       18         0
                text18                             165A     165A       23         0
                text17                              A39      A39       BE         0
                text16                             150B     150B        6         0
                text15                              ECE      ECE      132         0
                text14                             1537     1537       12         0
                text13                             155D     155D       17         0
                text12                             16A1     16A1       29         0
                text11                             15F8     15F8       20         0
                text10                              85B      85B       6B         0
                text9                              1574     1574       17         0
                text8                              16CA     16CA       31         0
                text7                              1639     1639       21         0
                text6                               7DE      7DE       21         0
                text5                              167D     167D       24         0
                text4                               805      805        B         0
                text3                              1527     1527        8         0
                text2                               97E      97E       BB         0
                text1                               810      810       4B         0
                maintext                            BC8      BC8       D9         0
                clrtext                            152F     152F        8         0
                idataBANK3                         1511     1511        6         0
                idataBANK1                          801      801        2         0
                idataBANK0                          803      803        2         0

        CLASS   STRCODE        

        CLASS   ENTRY          

        CLASS   STRING         
                strings                            1000     1000       5D         0

        CLASS   COMMON         
                cstackCOMMON                         70       70        E         1

        CLASS   BANK0          
                cstackBANK0                          20       20       43         1
                dataBANK0                            6D       6D        2         1
                bssBANK0                             63       63        A         1

        CLASS   BANK1          
                cstackBANK1                          BF       BF       1B         1
                dataBANK1                            DA       DA        2         1
                bssBANK1                             A0       A0       1F         1

        CLASS   BANK2          

        CLASS   BANK3          
                cstackBANK3                         1AA      1AA       13         1
                dataBANK3                           1BD      1BD        6         1
                bssBANK3                            190      190       1A         1

        CLASS   RAM            

        CLASS   ABS1           
                abs_s1                               7E       7E        2         1

        CLASS   SFR0           

        CLASS   SFR1           

        CLASS   SFR2           

        CLASS   SFR3           

        CLASS   CONFIG         
                config                             2007     2007        1         0

        CLASS   IDLOC          

        CLASS   EEDATA         



SEGMENTS        Name                           Load    Length   Top    Selector   Space  Class     Delta

                reset_vec                      000000  000003  000003         0       0  CODE        2
                intentry                       000004  0007FB  0007FF         8       0  CODE        2
                cstackBANK0                    000020  00004F  00006F        20       1  BANK0       1
                cstackCOMMON                   000070  00000E  00007E        70       1  COMMON      1
                bssBANK1                       0000A0  00003C  0000DC        A0       1  BANK1       1
                bssBANK3                       000190  000033  0001C3       190       1  BANK3       1
                idataBANK1                     000801  000002  000803      1002       0  CODE        2
                idataBANK0                     000803  000002  000805      1006       0  CODE        2
                text4                          000805  00000B  000810      100A       0  CODE        2
                text1                          000810  00004B  00085B      1020       0  CODE        2
                text10                         00085B  00006B  0008C6      10B6       0  CODE        2
                text27                         0008C6  0000B8  00097E      118C       0  CODE        2
                text2                          00097E  0000BB  000A39      12FC       0  CODE        2
                text17                         000A39  0000BE  000AF7      1472       0  CODE        2
                text34                         000AF7  0000D1  000BC8      15EE       0  CODE        2
                maintext                       000BC8  0000D9  000CA1      1790       0  CODE        2
                text28                         000CA1  000109  000DAA      1942       0  CODE        2
                text24                         000DAA  000124  000ECE      1B54       0  CODE        2
                text15                         000ECE  000132  001000      1D9C       0  CODE        2
                strings                        001000  00005D  00105D      2000       0  STRING      2
                text16                         00150B  000006  001511      2A16       0  CODE        2
                idataBANK3                     001511  000006  001517      2A22       0  CODE        2
                text26                         001517  000008  00151F      2A2E       0  CODE        2
                text21                         00151F  000008  001527      2A3E       0  CODE        2
                text3                          001527  000008  00152F      2A4E       0  CODE        2
                clrtext                        00152F  000008  001537      2A5E       0  CODE        2
                text14                         001537  000012  001549      2A6E       0  CODE        2
                text31                         001549  000014  00155D      2A92       0  CODE        2
                text13                         00155D  000017  001574      2ABA       0  CODE        2
                text9                          001574  000017  00158B      2AE8       0  CODE        2
                text19                         00158B  000018  0015A3      2B16       0  CODE        2
                text23                         0015A3  00001B  0015BE      2B46       0  CODE        2
                text20                         0015BE  00001C  0015DA      2B7C       0  CODE        2
                text29                         0015DA  00001E  0015F8      2BB4       0  CODE        2
                text11                         0015F8  000020  001618      2BF0       0  CODE        2
                text35                         001618  000021  001639      2C30       0  CODE        2
                text7                          001639  000021  00165A      2C72       0  CODE        2
                text18                         00165A  000023  00167D      2CB4       0  CODE        2
                text5                          00167D  000024  0016A1      2CFA       0  CODE        2
                text12                         0016A1  000029  0016CA      2D42       0  CODE        2
                text8                          0016CA  000031  0016FB      2D94       0  CODE        2
                text32                         0016FB  00003E  001739      2DF6       0  CODE        2
                text30                         001739  00005F  001798      2E72       0  CODE        2
                text36                         001798  000068  001800      2F30       0  CODE        2
                config                         002007  000001  002008      400E       0  CONFIG      2


UNUSED ADDRESS RANGES

        Name                Unused          Largest block    Delta
        BANK0            006F-006F              1           1
        BANK1            00DC-00EF             14           1
        BANK2            0110-016F             60           1
        BANK3            01C3-01EF             2D           1
        CODE             0003-0003              1           2
                         07FF-0800              1
                         105D-150A            4AE
                         1800-1FFF            800
        CONST            0003-0003              1           2
                         07FF-0800              1
                         105D-150A            100
                         1800-1FFF            100
        EEDATA           2100-21FF            100           2
        ENTRY            0003-0003              1           2
                         07FF-0800              1
                         105D-150A            100
                         1800-1FFF            100
        IDLOC            2000-2003              4           2
        RAM              006F-006F              1           1
                         00DC-00EF             14
                         0110-016F             60
                         01C3-01EF             2D
        SFR0             0000-001F             20           1
        SFR1             0080-009F             20           1
        SFR2             0100-010F             10           1
        SFR3             0180-018F             10           1
        STACK            0110-016F             60           1
        STRCODE          0003-0003              1           2
                         07FF-0800              2
                         105D-150A            4AE
                         1800-1FFF            800
        STRING           0003-0003              1           2
                         07FF-0800              1
                         105D-150A            100
                         1800-1FFF            100

                                  Symbol Table

?___aldiv                   cstackBANK3  01AA
?___awtoft                  cstackCOMMON 0078
?___ftadd                   cstackBANK0  0020
?___ftdiv                   cstackBANK0  002D
?___ftmul                   cstackCOMMON 0078
?___ftneg                   cstackCOMMON 0070
?___ftpack                  cstackCOMMON 0070
?___fttol                   cstackBANK0  004F
?___lwdiv                   cstackCOMMON 0070
?___lwtoft                  cstackCOMMON 0078
?___wmul                    cstackCOMMON 0078
?_max_val                   cstackBANK0  002C
?_trapmf                    cstackBANK0  003D
?_trimf                     cstackBANK0  003D
Fuzzy@a                     cstackBANK1  00C4
Fuzzy@a_242                 cstackBANK1  00C6
Fuzzy@a_243                 cstackBANK1  00C8
Fuzzy@aumenta               cstackBANK1  00D0
Fuzzy@freio                 cstackBANK1  00BF
Fuzzy@mantem                cstackBANK1  00CA
Fuzzy@reduz                 cstackBANK1  00CD
Fuzzy@tip                   cstackBANK1  00C1
LCD_Cursor@Col              cstackBANK1  00D3
LCD_Cursor@Row              cstackBANK1  00D5
LCD_WriteCmd@Byte           cstackBANK1  00D4
LCD_WriteData@Byte          cstackBANK1  00D4
LCD_WriteString@Str         cstackBANK1  00D5
PWM_DutyCycle1@valor        cstackBANK1  00D3
PWM_DutyCycle2@valor        cstackBANK1  00D3
TIMER0_Set@contagens        cstackBANK1  00D3
USART_Init@BaudRate         cstackBANK3  01B2
USART_ReceiveChar@byte      cstackCOMMON 0074
USART_WriteChar@byte        cstackCOMMON 0070
USART_WriteString@str       cstackCOMMON 0072
_ADCON0bits                 (abs)        001F
_ADCON1bits                 (abs)        009F
_ADCResult                  bssBANK1     00B5
_ADC_Init                   text14       1537
_ADRESH                     (abs)        001E
_ADRESL                     (abs)        009E
_CCP1CON                    (abs)        0017
_CCP1CONbits                (abs)        0017
_CCP2CON                    (abs)        001D
_CCP2CONbits                (abs)        001D
_CCPR1L                     (abs)        0015
_CCPR2L                     (abs)        001B
_EEADR                      (abs)        010D
_EECON1bits                 (abs)        018C
_EECON2                     (abs)        018D
_EEDATA                     (abs)        010C
_Fuzzy                      text22       0073
_INTCONbits                 (abs)        000B
_ISR                        text15       0ECE
_LCD_Clear                  text12       16A1
_LCD_Cursor                 text11       15F8
_LCD_Init                   text10       085B
_LCD_WriteCmd               text13       155D
_LCD_WriteData              text9        1574
_LCD_WriteString            text8        16CA
_OERR                       (abs)        00C1
_OPTION_REGbits             (abs)        0081
_PIE1bits                   (abs)        008C
_PIE2bits                   (abs)        008D
_PIR1bits                   (abs)        000C
_PIR2bits                   (abs)        000D
_PORTA                      (abs)        0005
_PORTB                      (abs)        0006
_PORTBbits                  (abs)        0006
_PORTC                      (abs)        0007
_PORTD                      (abs)        0008
_PORTE                      (abs)        0009
_PORTEbits                  (abs)        0009
_PR2                        (abs)        0092
_PWM_DutyCycle1             text7        1639
_PWM_DutyCycle2             text6        07DE
_PWM_Init                   text5        167D
_RCREG                      (abs)        001A
_RCSTAbits                  (abs)        0018
_SPBRG                      (abs)        0099
_SSPADD                     (abs)        0093
_SSPBUF                     (abs)        0013
_SSPCON2                    (abs)        0091
_SSPCON2bits                (abs)        0091
_SSPCONbits                 (abs)        0014
_SSPSTATbits                (abs)        0094
_T1CON                      (abs)        0010
_T1CONbits                  (abs)        0010
_T2CONbits                  (abs)        0012
_TIMER0_Init                text4        0805
_TIMER0_Set                 text3        1527
_TMR0                       (abs)        0001
_TMR1                       (abs)        000E
_TMR1H                      (abs)        000F
_TMR1L                      (abs)        000E
_TRISA                      (abs)        0085
_TRISB                      (abs)        0086
_TRISC                      (abs)        0087
_TRISD                      (abs)        0088
_TRISE                      (abs)        0089
_TXREG                      (abs)        0019
_TXSTAbits                  (abs)        0098
_USART_Init                 text1        0810
_USART_ReceiveChar          text19       158B
_USART_WriteChar            text21       151F
_USART_WriteString          text20       15BE
__CFG_BOREN$OFF             (abs)        0000
__CFG_CP$OFF                (abs)        0000
__CFG_CPD$OFF               (abs)        0000
__CFG_FOSC$HS               (abs)        0000
__CFG_LVP$OFF               (abs)        0000
__CFG_PWRTE$ON              (abs)        0000
__CFG_WDTE$OFF              (abs)        0000
__Habs1                     abs1         0000
__Hbank0                    bank0        0000
__Hbank1                    bank1        0000
__Hbank2                    bank2        0000
__Hbank3                    bank3        0000
__HbssBANK0                 bssBANK0     0000
__HbssBANK1                 bssBANK1     0000
__HbssBANK3                 bssBANK3     0000
__Hcinit                    cinit        0073
__Hclrtext                  clrtext      0000
__Hcode                     code         0000
__Hcommon                   common       0000
__Hconfig                   config       2008
__HcstackBANK0              cstackBANK0  0000
__HcstackBANK1              cstackBANK1  0000
__HcstackBANK3              cstackBANK3  0000
__HcstackCOMMON             cstackCOMMON 0000
__HdataBANK0                dataBANK0    0000
__HdataBANK1                dataBANK1    0000
__HdataBANK3                dataBANK3    0000
__Heeprom_data              eeprom_data  0000
__Hend_init                 end_init     0015
__Hfunctab                  functab      0000
__HidataBANK0               idataBANK0   0000
__HidataBANK1               idataBANK1   0000
__HidataBANK3               idataBANK3   0000
__Hidloc                    idloc        0000
__Hinit                     init         0012
__Hintentry                 intentry     0012
__Hmaintext                 maintext     0000
__Hpowerup                  powerup      0000
__Hram                      ram          0000
__Hreset_vec                reset_vec    0003
__Hsfr0                     sfr0         0000
__Hsfr1                     sfr1         0000
__Hsfr2                     sfr2         0000
__Hsfr3                     sfr3         0000
__Hspace_0                  (abs)        2008
__Hspace_1                  (abs)        01C3
__Hspace_2                  (abs)        0000
__Hspace_3                  (abs)        0000
__Hstack                    stack        0000
__Hstrings                  strings      0000
__Htext                     text         0000
__Labs1                     abs1         0000
__Lbank0                    bank0        0000
__Lbank1                    bank1        0000
__Lbank2                    bank2        0000
__Lbank3                    bank3        0000
__LbssBANK0                 bssBANK0     0000
__LbssBANK1                 bssBANK1     0000
__LbssBANK3                 bssBANK3     0000
__Lcinit                    cinit        0015
__Lclrtext                  clrtext      0000
__Lcode                     code         0000
__Lcommon                   common       0000
__Lconfig                   config       2007
__LcstackBANK0              cstackBANK0  0000
__LcstackBANK1              cstackBANK1  0000
__LcstackBANK3              cstackBANK3  0000
__LcstackCOMMON             cstackCOMMON 0000
__LdataBANK0                dataBANK0    0000
__LdataBANK1                dataBANK1    0000
__LdataBANK3                dataBANK3    0000
__Leeprom_data              eeprom_data  0000
__Lend_init                 end_init     0012
__Lfunctab                  functab      0000
__LidataBANK0               idataBANK0   0000
__LidataBANK1               idataBANK1   0000
__LidataBANK3               idataBANK3   0000
__Lidloc                    idloc        0000
__Linit                     init         0012
__Lintentry                 intentry     0004
__Lmaintext                 maintext     0000
__Lpowerup                  powerup      0000
__Lram                      ram          0000
__Lreset_vec                reset_vec    0000
__Lsfr0                     sfr0         0000
__Lsfr1                     sfr1         0000
__Lsfr2                     sfr2         0000
__Lsfr3                     sfr3         0000
__Lspace_0                  (abs)        0000
__Lspace_1                  (abs)        0000
__Lspace_2                  (abs)        0000
__Lspace_3                  (abs)        0000
__Lstack                    stack        0000
__Lstrings                  strings      0000
__Ltext                     text         0000
__S0                        (abs)        2008
__S1                        (abs)        01C3
__S2                        (abs)        0000
__S3                        (abs)        0000
___aldiv                    text2        097E
___aldiv@counter            cstackBANK1  00D4
___aldiv@dividend           cstackBANK3  01AE
___aldiv@divisor            cstackBANK3  01AA
___aldiv@quotient           cstackBANK1  00D6
___aldiv@sign               cstackBANK1  00D5
___awtoft                   text35       1618
___awtoft@c                 cstackCOMMON 0078
___awtoft@sign              cstackCOMMON 007D
___ftadd                    text28       0CA1
___ftadd@exp1               cstackBANK0  002C
___ftadd@exp2               cstackBANK0  002B
___ftadd@f1                 cstackBANK0  0020
___ftadd@f2                 cstackBANK0  0023
___ftadd@sign               cstackBANK0  002A
___ftdiv                    text27       08C6
___ftdiv@cntr               cstackBANK0  0037
___ftdiv@exp                cstackBANK0  003B
___ftdiv@f1                 cstackBANK0  0030
___ftdiv@f2                 cstackBANK0  002D
___ftdiv@f3                 cstackBANK0  0038
___ftdiv@sign               cstackBANK0  003C
___ftge                     text30       1739
___ftge@ff1                 cstackBANK0  0020
___ftge@ff2                 cstackBANK0  0023
___ftmul                    text34       0AF7
___ftmul@cntr               cstackBANK0  0028
___ftmul@exp                cstackBANK0  0024
___ftmul@f1                 cstackCOMMON 0078
___ftmul@f2                 cstackCOMMON 007B
___ftmul@f3_as_product      cstackBANK0  0025
___ftmul@sign               cstackBANK0  0029
___ftneg                    text26       1517
___ftneg@f1                 cstackCOMMON 0070
___ftpack                   text36       1798
___ftpack@arg               cstackCOMMON 0070
___ftpack@exp               cstackCOMMON 0073
___ftpack@sign              cstackCOMMON 0074
___fttol                    text33       0750
___fttol@exp1               cstackBANK0  005C
___fttol@f1                 cstackBANK0  004F
___fttol@lval               cstackBANK0  0058
___fttol@sign1              cstackBANK0  0057
___int_sp                   stack        0000
___latbits                  (abs)        0002
___lwdiv                    text32       16FB
___lwdiv@counter            cstackCOMMON 0077
___lwdiv@dividend           cstackCOMMON 0072
___lwdiv@divisor            cstackCOMMON 0070
___lwdiv@quotient           cstackCOMMON 0075
___lwtoft                   text31       1549
___lwtoft@c                 cstackCOMMON 0078
___sp                       stack        0000
___wmul                     text18       165A
___wmul@multiplicand        cstackCOMMON 007A
___wmul@multiplier          cstackCOMMON 0078
___wmul@product             cstackCOMMON 007C
__end_of_ADC_Init           text14       1549
__end_of_Fuzzy              text22       05FA
__end_of_ISR                text15       1000
__end_of_LCD_Clear          text12       16CA
__end_of_LCD_Cursor         text11       1618
__end_of_LCD_Init           text10       08C6
__end_of_LCD_WriteCmd       text13       1574
__end_of_LCD_WriteData      text9        158B
__end_of_LCD_WriteString    text8        16FB
__end_of_PWM_DutyCycle1     text7        165A
__end_of_PWM_DutyCycle2     text6        07FF
__end_of_PWM_Init           text5        16A1
__end_of_TIMER0_Init        text4        0810
__end_of_TIMER0_Set         text3        152F
__end_of_USART_Init         text1        085B
__end_of_USART_ReceiveChar  text19       15A3
__end_of_USART_WriteChar    text21       1527
__end_of_USART_WriteString  text20       15DA
__end_of___aldiv            text2        0A39
__end_of___awtoft           text35       1639
__end_of___ftadd            text28       0DAA
__end_of___ftdiv            text27       097E
__end_of___ftge             text30       1798
__end_of___ftmul            text34       0BC8
__end_of___ftneg            text26       151F
__end_of___ftpack           text36       1800
__end_of___fttol            text33       07DE
__end_of___lwdiv            text32       1739
__end_of___lwtoft           text31       155D
__end_of___wmul             text18       167D
__end_of__initialization    cinit        006F
__end_of__stringdata        strings      105D
__end_of__stringtab         strings      1010
__end_of_main               maintext     0CA1
__end_of_max_val            text29       15F8
__end_of_send               text17       0AF7
__end_of_trapmf             text25       0750
__end_of_trimf              text24       0ECE
__end_ofi1_PWM_DutyCycle2   text23       15BE
__end_ofi1_TIMER0_Set       text16       1511
__initialization            cinit        0015
__pbssBANK0                 bssBANK0     0063
__pbssBANK1                 bssBANK1     00A0
__pbssBANK3                 bssBANK3     0190
__pcstackBANK0              cstackBANK0  0020
__pcstackBANK1              cstackBANK1  00BF
__pcstackBANK3              cstackBANK3  01AA
__pcstackCOMMON             cstackCOMMON 0070
__pdataBANK0                dataBANK0    006D
__pdataBANK1                dataBANK1    00DA
__pdataBANK3                dataBANK3    01BD
__pidataBANK0               idataBANK0   0803
__pidataBANK1               idataBANK1   0801
__pidataBANK3               idataBANK3   1511
__pintentry                 intentry     0004
__pmaintext                 maintext     0BC8
__pstrings                  strings      1000
__ptext1                    text1        0810
__ptext10                   text10       085B
__ptext11                   text11       15F8
__ptext12                   text12       16A1
__ptext13                   text13       155D
__ptext14                   text14       1537
__ptext15                   text15       0ECE
__ptext16                   text16       150B
__ptext17                   text17       0A39
__ptext18                   text18       165A
__ptext19                   text19       158B
__ptext2                    text2        097E
__ptext20                   text20       15BE
__ptext21                   text21       151F
__ptext22                   text22       0073
__ptext23                   text23       15A3
__ptext24                   text24       0DAA
__ptext25                   text25       05FA
__ptext26                   text26       1517
__ptext27                   text27       08C6
__ptext28                   text28       0CA1
__ptext29                   text29       15DA
__ptext3                    text3        1527
__ptext30                   text30       1739
__ptext31                   text31       1549
__ptext32                   text32       16FB
__ptext33                   text33       0750
__ptext34                   text34       0AF7
__ptext35                   text35       1618
__ptext36                   text36       1798
__ptext4                    text4        0805
__ptext5                    text5        167D
__ptext6                    text6        07DE
__ptext7                    text7        1639
__ptext8                    text8        16CA
__ptext9                    text9        1574
__size_of_ADC_Init          (abs)        0000
__size_of_Fuzzy             (abs)        0000
__size_of_ISR               (abs)        0000
__size_of_LCD_Clear         (abs)        0000
__size_of_LCD_Cursor        (abs)        0000
__size_of_LCD_Init          (abs)        0000
__size_of_LCD_WriteCmd      (abs)        0000
__size_of_LCD_WriteData     (abs)        0000
__size_of_LCD_WriteString   (abs)        0000
__size_of_PWM_DutyCycle1    (abs)        0000
__size_of_PWM_DutyCycle2    (abs)        0000
__size_of_PWM_Init          (abs)        0000
__size_of_TIMER0_Init       (abs)        0000
__size_of_TIMER0_Set        (abs)        0000
__size_of_USART_Init        (abs)        0000
__size_of_USART_ReceiveChar (abs)        0000
__size_of_USART_WriteChar   (abs)        0000
__size_of_USART_WriteString (abs)        0000
__size_of___aldiv           (abs)        0000
__size_of___awtoft          (abs)        0000
__size_of___ftadd           (abs)        0000
__size_of___ftdiv           (abs)        0000
__size_of___ftge            (abs)        0000
__size_of___ftmul           (abs)        0000
__size_of___ftneg           (abs)        0000
__size_of___ftpack          (abs)        0000
__size_of___fttol           (abs)        0000
__size_of___lwdiv           (abs)        0000
__size_of___lwtoft          (abs)        0000
__size_of___wmul            (abs)        0000
__size_of_main              (abs)        0000
__size_of_max_val           (abs)        0000
__size_of_send              (abs)        0000
__size_of_trapmf            (abs)        0000
__size_of_trimf             (abs)        0000
__size_ofi1_PWM_DutyCycle2  (abs)        0000
__size_ofi1_TIMER0_Set      (abs)        0000
__stringbase                strings      100F
__stringdata                strings      1010
__stringtab                 strings      1000
_antigo                     dataBANK3    01BD
_antigoUI                   bssBANK0     0063
_ativa_fan                  bssBANK1     00A0
_buffer                     bssBANK3     0190
_contagens_tm0              bssBANK1     00B7
_deltaV                     bssBANK0     0065
_display_rpm                bssBANK3     01A0
_fitemp                     bssBANK1     00A3
_fop_rule1                  bssBANK1     00A6
_fop_rule2                  bssBANK1     00A9
_fop_rule3                  bssBANK1     00AC
_main                       maintext     0BC8
_max_val                    text29       15DA
_pas_cooler                 dataBANK0    006D
_pulsos                     bssBANK0     0067
_pwm                        dataBANK1    00DA
_rpm                        bssBANK0     0069
_send                       text17       0A39
_setpoint                   dataBANK3    01C0
_setpointUI                 bssBANK0     006B
_status                     bssBANK1     00B9
_sum                        bssBANK1     00AF
_total_area                 bssBANK1     00B2
_trapmf                     text25       05FA
_trimf                      text24       0DAA
_x                          bssBANK1     00BB
_y                          bssBANK1     00BD
btemp                       (abs)        007E
clear_ram0                  clrtext      152F
end_of_initialization       cinit        006F
i1PWM_DutyCycle2@valor      cstackCOMMON 0070
i1TIMER0_Set@contagens      cstackCOMMON 0070
i1_PWM_DutyCycle2           text23       15A3
i1_TIMER0_Set               text16       150B
interrupt_function          intentry     0004
intlevel0                   functab      0000
intlevel1                   functab      0000
intlevel2                   functab      0000
intlevel3                   functab      0000
intlevel4                   functab      0000
intlevel5                   functab      0000
ltemp                       (abs)        007E
ltemp0                      (abs)        007E
ltemp1                      (abs)        0082
ltemp2                      (abs)        0086
ltemp3                      (abs)        0080
max_val@a                   cstackBANK0  002C
max_val@b                   cstackBANK0  002F
reset_vec                   reset_vec    0000
saved_w                     (abs)        007E
send@checksum               cstackBANK0  0021
send@index                  cstackBANK0  0024
send@velocidade             cstackBANK0  0022
stackhi                     (abs)        0000
stacklo                     (abs)        0000
start                       init         0012
start_initialization        cinit        0015
trapmf@a                    cstackBANK0  0040
trapmf@b                    cstackBANK0  0043
trapmf@c                    cstackBANK0  0046
trapmf@d                    cstackBANK0  0049
trapmf@ua                   cstackBANK0  004C
trapmf@x                    cstackBANK0  003D
trimf@a                     cstackBANK0  0040
trimf@b                     cstackBANK0  0043
trimf@c                     cstackBANK0  0046
trimf@ua                    cstackBANK0  0049
trimf@x                     cstackBANK0  003D
ttemp                       (abs)        007E
ttemp0                      (abs)        007E
ttemp1                      (abs)        0081
ttemp2                      (abs)        0084
ttemp3                      (abs)        0087
ttemp4                      (abs)        007F
wtemp                       (abs)        007E
wtemp0                      (abs)        007E
wtemp1                      (abs)        0080
wtemp2                      (abs)        0082
wtemp3                      (abs)        0084
wtemp4                      (abs)        0086
wtemp5                      (abs)        0088
wtemp6                      (abs)        007F


FUNCTION INFORMATION:

 *************** function _main *****************
 Defined at:
		line 522 in file "R:\Note\Sistema I\Ultimo C no MPLAB\main.c"
 Parameters:    Size  Location     Type
		None
 Auto vars:     Size  Location     Type
		None
 Return value:  Size  Location     Type
		None               void
 Registers used:
		wreg, fsr0l, fsr0h, status,2, status,0, btemp+1, pclath, cstack
 Tracked objects:
		On entry : 
		On exit  : 
		Unchanged: 
 Data sizes:     COMMON   BANK0   BANK1   BANK3   BANK2
      Params:         0       0       0       0       0
      Locals:         0       0       0       0       0
      Temps:          0       0       0       3       0
      Totals:         0       0       0       3       0
Total ram usage:        3 bytes
 Hardware stack levels required when called:    7
 This function calls:
		_ADC_Init
		_LCD_Clear
		_LCD_Cursor
		_LCD_Init
		_LCD_WriteString
		_PWM_DutyCycle1
		_PWM_DutyCycle2
		_PWM_Init
		_TIMER0_Init
		_TIMER0_Set
		_USART_Init
 This function is called by:
		Startup code after reset
 This function uses a non-reentrant model


 *************** function _USART_Init *****************
 Defined at:
		line 6 in file "R:\Note\Sistema I\Ultimo C no MPLAB\usart.c"
 Parameters:    Size  Location     Type
  BaudRate        4    8[BANK3 ] long 
 Auto vars:     Size  Location     Type
		None
 Return value:  Size  Location     Type
		None               void
 Registers used:
		wreg, status,2, status,0, pclath, cstack
 Tracked objects:
		On entry : 
		On exit  : 
		Unchanged: 
 Data sizes:     COMMON   BANK0   BANK1   BANK3   BANK2
      Params:         0       0       0       4       0
      Locals:         0       0       0       0       0
      Temps:          0       0       0       4       0
      Totals:         0       0       0       8       0
Total ram usage:        8 bytes
 Hardware stack levels used:    1
 Hardware stack levels required when called:    6
 This function calls:
		___aldiv
 This function is called by:
		_main
 This function uses a non-reentrant model


 *************** function ___aldiv *****************
 Defined at:
		line 6 in file "C:\Program Files (x86)\Microchip\xc8\v1.33\sources\common\aldiv.c"
 Parameters:    Size  Location     Type
  divisor         4    0[BANK3 ] long 
  dividend        4    4[BANK3 ] long 
 Auto vars:     Size  Location     Type
  quotient        4   23[BANK1 ] long 
  sign            1   22[BANK1 ] unsigned char 
  counter         1   21[BANK1 ] unsigned char 
 Return value:  Size  Location     Type
                  4    0[BANK3 ] long 
 Registers used:
		wreg, status,2, status,0
 Tracked objects:
		On entry : 
		On exit  : 
		Unchanged: 
 Data sizes:     COMMON   BANK0   BANK1   BANK3   BANK2
      Params:         0       0       0       8       0
      Locals:         0       0       6       0       0
      Temps:          0       0       1       0       0
      Totals:         0       0       7       8       0
Total ram usage:       15 bytes
 Hardware stack levels used:    1
 Hardware stack levels required when called:    5
 This function calls:
		Nothing
 This function is called by:
		_USART_Init
 This function uses a non-reentrant model


 *************** function _TIMER0_Set *****************
 Defined at:
		line 20 in file "R:\Note\Sistema I\Ultimo C no MPLAB\timers.c"
 Parameters:    Size  Location     Type
  contagens       1    wreg     unsigned char 
 Auto vars:     Size  Location     Type
  contagens       1   20[BANK1 ] unsigned char 
 Return value:  Size  Location     Type
		None               void
 Registers used:
		wreg
 Tracked objects:
		On entry : 
		On exit  : 
		Unchanged: 
 Data sizes:     COMMON   BANK0   BANK1   BANK3   BANK2
      Params:         0       0       0       0       0
      Locals:         0       0       1       0       0
      Temps:          0       0       0       0       0
      Totals:         0       0       1       0       0
Total ram usage:        1 bytes
 Hardware stack levels used:    1
 Hardware stack levels required when called:    5
 This function calls:
		Nothing
 This function is called by:
		_main
 This function uses a non-reentrant model


 *************** function _TIMER0_Init *****************
 Defined at:
		line 6 in file "R:\Note\Sistema I\Ultimo C no MPLAB\timers.c"
 Parameters:    Size  Location     Type
		None
 Auto vars:     Size  Location     Type
		None
 Return value:  Size  Location     Type
		None               void
 Registers used:
		None
 Tracked objects:
		On entry : 
		On exit  : 
		Unchanged: 
 Data sizes:     COMMON   BANK0   BANK1   BANK3   BANK2
      Params:         0       0       0       0       0
      Locals:         0       0       0       0       0
      Temps:          0       0       0       0       0
      Totals:         0       0       0       0       0
Total ram usage:        0 bytes
 Hardware stack levels used:    1
 Hardware stack levels required when called:    5
 This function calls:
		Nothing
 This function is called by:
		_main
 This function uses a non-reentrant model


 *************** function _PWM_Init *****************
 Defined at:
		line 5 in file "R:\Note\Sistema I\Ultimo C no MPLAB\pwm.c"
 Parameters:    Size  Location     Type
		None
 Auto vars:     Size  Location     Type
		None
 Return value:  Size  Location     Type
		None               void
 Registers used:
		wreg
 Tracked objects:
		On entry : 
		On exit  : 
		Unchanged: 
 Data sizes:     COMMON   BANK0   BANK1   BANK3   BANK2
      Params:         0       0       0       0       0
      Locals:         0       0       0       0       0
      Temps:          0       0       0       0       0
      Totals:         0       0       0       0       0
Total ram usage:        0 bytes
 Hardware stack levels used:    1
 Hardware stack levels required when called:    5
 This function calls:
		Nothing
 This function is called by:
		_main
 This function uses a non-reentrant model


 *************** function _PWM_DutyCycle2 *****************
 Defined at:
		line 96 in file "R:\Note\Sistema I\Ultimo C no MPLAB\pwm.c"
 Parameters:    Size  Location     Type
  valor           2   20[BANK1 ] int 
 Auto vars:     Size  Location     Type
		None
 Return value:  Size  Location     Type
		None               void
 Registers used:
		wreg, status,2, status,0
 Tracked objects:
		On entry : 
		On exit  : 
		Unchanged: 
 Data sizes:     COMMON   BANK0   BANK1   BANK3   BANK2
      Params:         0       0       2       0       0
      Locals:         0       0       0       0       0
      Temps:          0       0       2       0       0
      Totals:         0       0       4       0       0
Total ram usage:        4 bytes
 Hardware stack levels used:    1
 Hardware stack levels required when called:    5
 This function calls:
		Nothing
 This function is called by:
		_main
 This function uses a non-reentrant model


 *************** function _PWM_DutyCycle1 *****************
 Defined at:
		line 64 in file "R:\Note\Sistema I\Ultimo C no MPLAB\pwm.c"
 Parameters:    Size  Location     Type
  valor           2   20[BANK1 ] int 
 Auto vars:     Size  Location     Type
		None
 Return value:  Size  Location     Type
		None               void
 Registers used:
		wreg, status,2, status,0
 Tracked objects:
		On entry : 
		On exit  : 
		Unchanged: 
 Data sizes:     COMMON   BANK0   BANK1   BANK3   BANK2
      Params:         0       0       2       0       0
      Locals:         0       0       0       0       0
      Temps:          0       0       2       0       0
      Totals:         0       0       4       0       0
Total ram usage:        4 bytes
 Hardware stack levels used:    1
 Hardware stack levels required when called:    5
 This function calls:
		Nothing
 This function is called by:
		_main
 This function uses a non-reentrant model


 *************** function _LCD_WriteString *****************
 Defined at:
		line 61 in file "R:\Note\Sistema I\Ultimo C no MPLAB\lcd.c"
 Parameters:    Size  Location     Type
  Str             2   22[BANK1 ] PTR const unsigned char 
		 -> display_rpm(10), STR_3(6), STR_2(17), 
 Auto vars:     Size  Location     Type
		None
 Return value:  Size  Location     Type
		None               void
 Registers used:
		wreg, fsr0l, fsr0h, status,2, status,0, btemp+1, pclath, cstack
 Tracked objects:
		On entry : 
		On exit  : 
		Unchanged: 
 Data sizes:     COMMON   BANK0   BANK1   BANK3   BANK2
      Params:         0       0       2       0       0
      Locals:         0       0       0       0       0
      Temps:          0       0       0       0       0
      Totals:         0       0       2       0       0
Total ram usage:        2 bytes
 Hardware stack levels used:    1
 Hardware stack levels required when called:    6
 This function calls:
		_LCD_WriteData
 This function is called by:
		_main
 This function uses a non-reentrant model


 *************** function _LCD_WriteData *****************
 Defined at:
		line 47 in file "R:\Note\Sistema I\Ultimo C no MPLAB\lcd.c"
 Parameters:    Size  Location     Type
  Byte            1    wreg     unsigned char 
 Auto vars:     Size  Location     Type
  Byte            1   21[BANK1 ] unsigned char 
 Return value:  Size  Location     Type
		None               void
 Registers used:
		wreg
 Tracked objects:
		On entry : 
		On exit  : 
		Unchanged: 
 Data sizes:     COMMON   BANK0   BANK1   BANK3   BANK2
      Params:         0       0       0       0       0
      Locals:         0       0       1       0       0
      Temps:          0       0       1       0       0
      Totals:         0       0       2       0       0
Total ram usage:        2 bytes
 Hardware stack levels used:    1
 Hardware stack levels required when called:    5
 This function calls:
		Nothing
 This function is called by:
		_LCD_WriteString
 This function uses a non-reentrant model


 *************** function _LCD_Init *****************
 Defined at:
		line 87 in file "R:\Note\Sistema I\Ultimo C no MPLAB\lcd.c"
 Parameters:    Size  Location     Type
		None
 Auto vars:     Size  Location     Type
		None
 Return value:  Size  Location     Type
		None               void
 Registers used:
		wreg, status,2, status,0, pclath, cstack
 Tracked objects:
		On entry : 
		On exit  : 
		Unchanged: 
 Data sizes:     COMMON   BANK0   BANK1   BANK3   BANK2
      Params:         0       0       0       0       0
      Locals:         0       0       0       0       0
      Temps:          0       0       2       0       0
      Totals:         0       0       2       0       0
Total ram usage:        2 bytes
 Hardware stack levels used:    1
 Hardware stack levels required when called:    6
 This function calls:
		_LCD_WriteCmd
 This function is called by:
		_main
 This function uses a non-reentrant model


 *************** function _LCD_Cursor *****************
 Defined at:
		line 10 in file "R:\Note\Sistema I\Ultimo C no MPLAB\lcd.c"
 Parameters:    Size  Location     Type
  Row             1    wreg     unsigned char 
  Col             1   20[BANK1 ] unsigned char 
 Auto vars:     Size  Location     Type
  Row             1   22[BANK1 ] unsigned char 
 Return value:  Size  Location     Type
		None               void
 Registers used:
		wreg, status,2, status,0
 Tracked objects:
		On entry : 
		On exit  : 
		Unchanged: 
 Data sizes:     COMMON   BANK0   BANK1   BANK3   BANK2
      Params:         0       0       1       0       0
      Locals:         0       0       1       0       0
      Temps:          0       0       1       0       0
      Totals:         0       0       3       0       0
Total ram usage:        3 bytes
 Hardware stack levels used:    1
 Hardware stack levels required when called:    5
 This function calls:
		Nothing
 This function is called by:
		_main
 This function uses a non-reentrant model


 *************** function _LCD_Clear *****************
 Defined at:
		line 71 in file "R:\Note\Sistema I\Ultimo C no MPLAB\lcd.c"
 Parameters:    Size  Location     Type
		None
 Auto vars:     Size  Location     Type
		None
 Return value:  Size  Location     Type
		None               void
 Registers used:
		wreg, status,2, status,0, pclath, cstack
 Tracked objects:
		On entry : 
		On exit  : 
		Unchanged: 
 Data sizes:     COMMON   BANK0   BANK1   BANK3   BANK2
      Params:         0       0       0       0       0
      Locals:         0       0       0       0       0
      Temps:          0       0       2       0       0
      Totals:         0       0       2       0       0
Total ram usage:        2 bytes
 Hardware stack levels used:    1
 Hardware stack levels required when called:    6
 This function calls:
		_LCD_WriteCmd
 This function is called by:
		_main
 This function uses a non-reentrant model


 *************** function _LCD_WriteCmd *****************
 Defined at:
		line 32 in file "R:\Note\Sistema I\Ultimo C no MPLAB\lcd.c"
 Parameters:    Size  Location     Type
  Byte            1    wreg     unsigned char 
 Auto vars:     Size  Location     Type
  Byte            1   21[BANK1 ] unsigned char 
 Return value:  Size  Location     Type
		None               void
 Registers used:
		wreg
 Tracked objects:
		On entry : 
		On exit  : 
		Unchanged: 
 Data sizes:     COMMON   BANK0   BANK1   BANK3   BANK2
      Params:         0       0       0       0       0
      Locals:         0       0       1       0       0
      Temps:          0       0       1       0       0
      Totals:         0       0       2       0       0
Total ram usage:        2 bytes
 Hardware stack levels used:    1
 Hardware stack levels required when called:    5
 This function calls:
		Nothing
 This function is called by:
		_LCD_Clear
		_LCD_Init
 This function uses a non-reentrant model


 *************** function _ADC_Init *****************
 Defined at:
		line 6 in file "R:\Note\Sistema I\Ultimo C no MPLAB\adc.c"
 Parameters:    Size  Location     Type
		None
 Auto vars:     Size  Location     Type
		None
 Return value:  Size  Location     Type
		None               void
 Registers used:
		None
 Tracked objects:
		On entry : 
		On exit  : 
		Unchanged: 
 Data sizes:     COMMON   BANK0   BANK1   BANK3   BANK2
      Params:         0       0       0       0       0
      Locals:         0       0       0       0       0
      Temps:          0       0       0       0       0
      Totals:         0       0       0       0       0
Total ram usage:        0 bytes
 Hardware stack levels used:    1
 Hardware stack levels required when called:    5
 This function calls:
		Nothing
 This function is called by:
		_main
 This function uses a non-reentrant model


 *************** function _ISR *****************
 Defined at:
		line 371 in file "R:\Note\Sistema I\Ultimo C no MPLAB\main.c"
 Parameters:    Size  Location     Type
		None
 Auto vars:     Size  Location     Type
		None
 Return value:  Size  Location     Type
		None               void
 Registers used:
		wreg, fsr0l, fsr0h, status,2, status,0, btemp+1, pclath, cstack
 Tracked objects:
		On entry : 
		On exit  : 
		Unchanged: 
 Data sizes:     COMMON   BANK0   BANK1   BANK3   BANK2
      Params:         0       0       0       0       0
      Locals:         0       0       0       0       0
      Temps:          0       4       0       0       0
      Totals:         0       4       0       0       0
Total ram usage:        4 bytes
 Hardware stack levels used:    1
 Hardware stack levels required when called:    4
 This function calls:
		_Fuzzy
		_USART_ReceiveChar
		_USART_WriteString
		___lwdiv
		___wmul
		_send
		i1_PWM_DutyCycle2
		i1_TIMER0_Set
 This function is called by:
		Interrupt level 1
 This function uses a non-reentrant model


 *************** function i1_TIMER0_Set *****************
 Defined at:
		line 20 in file "R:\Note\Sistema I\Ultimo C no MPLAB\timers.c"
 Parameters:    Size  Location     Type
  contagens       1    wreg     unsigned char 
 Auto vars:     Size  Location     Type
  contagens       1    0[COMMON] unsigned char 
 Return value:  Size  Location     Type
		None               void
 Registers used:
		wreg
 Tracked objects:
		On entry : 
		On exit  : 
		Unchanged: 
 Data sizes:     COMMON   BANK0   BANK1   BANK3   BANK2
      Params:         0       0       0       0       0
      Locals:         1       0       0       0       0
      Temps:          0       0       0       0       0
      Totals:         1       0       0       0       0
Total ram usage:        1 bytes
 Hardware stack levels used:    1
 This function calls:
		Nothing
 This function is called by:
		_ISR
 This function uses a non-reentrant model


 *************** function _send *****************
 Defined at:
		line 105 in file "R:\Note\Sistema I\Ultimo C no MPLAB\main.c"
 Parameters:    Size  Location     Type
		None
 Auto vars:     Size  Location     Type
  index           1    4[BANK0 ] unsigned char 
  velocidade      2    2[BANK0 ] unsigned int 
  checksum        1    1[BANK0 ] unsigned char 
 Return value:  Size  Location     Type
		None               void
 Registers used:
		wreg, fsr0l, fsr0h, status,2, status,0, pclath, cstack
 Tracked objects:
		On entry : 
		On exit  : 
		Unchanged: 
 Data sizes:     COMMON   BANK0   BANK1   BANK3   BANK2
      Params:         0       0       0       0       0
      Locals:         0       4       0       0       0
      Temps:          0       1       0       0       0
      Totals:         0       5       0       0       0
Total ram usage:        5 bytes
 Hardware stack levels used:    1
 Hardware stack levels required when called:    1
 This function calls:
		_USART_WriteChar
		___wmul
 This function is called by:
		_ISR
 This function uses a non-reentrant model


 *************** function ___wmul *****************
 Defined at:
		line 15 in file "C:\Program Files (x86)\Microchip\xc8\v1.33\sources\common\Umul16.c"
 Parameters:    Size  Location     Type
  multiplier      2    8[COMMON] unsigned int 
  multiplicand    2   10[COMMON] unsigned int 
 Auto vars:     Size  Location     Type
  product         2   12[COMMON] unsigned int 
 Return value:  Size  Location     Type
                  2    8[COMMON] unsigned int 
 Registers used:
		wreg, status,2, status,0
 Tracked objects:
		On entry : 
		On exit  : 
		Unchanged: 
 Data sizes:     COMMON   BANK0   BANK1   BANK3   BANK2
      Params:         4       0       0       0       0
      Locals:         2       0       0       0       0
      Temps:          0       0       0       0       0
      Totals:         6       0       0       0       0
Total ram usage:        6 bytes
 Hardware stack levels used:    1
 This function calls:
		Nothing
 This function is called by:
		_send
		_ISR
 This function uses a non-reentrant model


 *************** function _USART_ReceiveChar *****************
 Defined at:
		line 63 in file "R:\Note\Sistema I\Ultimo C no MPLAB\usart.c"
 Parameters:    Size  Location     Type
		None
 Auto vars:     Size  Location     Type
  byte            1    4[COMMON] unsigned char 
 Return value:  Size  Location     Type
                  1    wreg      unsigned char 
 Registers used:
		wreg, fsr0l, fsr0h, status,2, status,0, pclath, cstack
 Tracked objects:
		On entry : 
		On exit  : 
		Unchanged: 
 Data sizes:     COMMON   BANK0   BANK1   BANK3   BANK2
      Params:         0       0       0       0       0
      Locals:         1       0       0       0       0
      Temps:          1       0       0       0       0
      Totals:         2       0       0       0       0
Total ram usage:        2 bytes
 Hardware stack levels used:    1
 Hardware stack levels required when called:    2
 This function calls:
		_USART_WriteString
 This function is called by:
		_ISR
 This function uses a non-reentrant model


 *************** function _USART_WriteString *****************
 Defined at:
		line 52 in file "R:\Note\Sistema I\Ultimo C no MPLAB\usart.c"
 Parameters:    Size  Location     Type
  str             1    wreg     PTR const unsigned char 
		 -> STR_4(40), STR_1(14), 
 Auto vars:     Size  Location     Type
  str             1    2[COMMON] PTR const unsigned char 
		 -> STR_4(40), STR_1(14), 
 Return value:  Size  Location     Type
		None               void
 Registers used:
		wreg, fsr0l, fsr0h, status,2, status,0, pclath, cstack
 Tracked objects:
		On entry : 
		On exit  : 
		Unchanged: 
 Data sizes:     COMMON   BANK0   BANK1   BANK3   BANK2
      Params:         0       0       0       0       0
      Locals:         1       0       0       0       0
      Temps:          1       0       0       0       0
      Totals:         2       0       0       0       0
Total ram usage:        2 bytes
 Hardware stack levels used:    1
 Hardware stack levels required when called:    1
 This function calls:
		_USART_WriteChar
 This function is called by:
		_ISR
		_USART_ReceiveChar
 This function uses a non-reentrant model


 *************** function _USART_WriteChar *****************
 Defined at:
		line 44 in file "R:\Note\Sistema I\Ultimo C no MPLAB\usart.c"
 Parameters:    Size  Location     Type
  byte            1    wreg     unsigned char 
 Auto vars:     Size  Location     Type
  byte            1    0[COMMON] unsigned char 
 Return value:  Size  Location     Type
		None               void
 Registers used:
		wreg
 Tracked objects:
		On entry : 
		On exit  : 
		Unchanged: 
 Data sizes:     COMMON   BANK0   BANK1   BANK3   BANK2
      Params:         0       0       0       0       0
      Locals:         1       0       0       0       0
      Temps:          0       0       0       0       0
      Totals:         1       0       0       0       0
Total ram usage:        1 bytes
 Hardware stack levels used:    1
 This function calls:
		Nothing
 This function is called by:
		_send
		_USART_WriteString
 This function uses a non-reentrant model


 *************** function _Fuzzy *****************
 Defined at:
		line 165 in file "R:\Note\Sistema I\Ultimo C no MPLAB\main.c"
 Parameters:    Size  Location     Type
		None
 Auto vars:     Size  Location     Type
  a               2    9[BANK1 ] int 
  a               2    7[BANK1 ] int 
  a               2    5[BANK1 ] int 
  aumenta         3   17[BANK1 ] float 
  reduz           3   14[BANK1 ] float 
  mantem          3   11[BANK1 ] float 
  tip             3    2[BANK1 ] float 
  deltaFuzzy      3    0        float 
  freio           2    0[BANK1 ] unsigned int 
 Return value:  Size  Location     Type
		None               void
 Registers used:
		wreg, status,2, status,0, btemp+1, pclath, cstack
 Tracked objects:
		On entry : 
		On exit  : 
		Unchanged: 
 Data sizes:     COMMON   BANK0   BANK1   BANK3   BANK2
      Params:         0       0       0       0       0
      Locals:         0       0      20       0       0
      Temps:          0       2       0       0       0
      Totals:         0       2      20       0       0
Total ram usage:       22 bytes
 Hardware stack levels used:    1
 Hardware stack levels required when called:    3
 This function calls:
		___awtoft
		___ftadd
		___ftdiv
		___ftge
		___ftmul
		___fttol
		___lwdiv
		___lwtoft
		_max_val
		_trapmf
		_trimf
		i1_PWM_DutyCycle2
 This function is called by:
		_ISR
 This function uses a non-reentrant model


 *************** function i1_PWM_DutyCycle2 *****************
 Defined at:
		line 96 in file "R:\Note\Sistema I\Ultimo C no MPLAB\pwm.c"
 Parameters:    Size  Location     Type
  valor           2    0[COMMON] int 
 Auto vars:     Size  Location     Type
		None
 Return value:  Size  Location     Type
		None               void
 Registers used:
		wreg, status,2, status,0
 Tracked objects:
		On entry : 
		On exit  : 
		Unchanged: 
 Data sizes:     COMMON   BANK0   BANK1   BANK3   BANK2
      Params:         2       0       0       0       0
      Locals:         0       0       0       0       0
      Temps:          2       0       0       0       0
      Totals:         4       0       0       0       0
Total ram usage:        4 bytes
 Hardware stack levels used:    1
 This function calls:
		Nothing
 This function is called by:
		_Fuzzy
		_ISR
 This function uses a non-reentrant model


 *************** function _trimf *****************
 Defined at:
		line 66 in file "R:\Note\Sistema I\Ultimo C no MPLAB\main.c"
 Parameters:    Size  Location     Type
  x               3   29[BANK0 ] float 
  a               3   32[BANK0 ] float 
  b               3   35[BANK0 ] float 
  c               3   38[BANK0 ] float 
 Auto vars:     Size  Location     Type
  ua              3   41[BANK0 ] float 
 Return value:  Size  Location     Type
                  3   29[BANK0 ] float 
 Registers used:
		wreg, status,2, status,0, pclath, cstack
 Tracked objects:
		On entry : 
		On exit  : 
		Unchanged: 
 Data sizes:     COMMON   BANK0   BANK1   BANK3   BANK2
      Params:         0      12       0       0       0
      Locals:         0       3       0       0       0
      Temps:          0       0       0       0       0
      Totals:         0      15       0       0       0
Total ram usage:       15 bytes
 Hardware stack levels used:    1
 Hardware stack levels required when called:    2
 This function calls:
		___ftadd
		___ftdiv
		___ftge
		___ftneg
 This function is called by:
		_Fuzzy
 This function uses a non-reentrant model


 *************** function _trapmf *****************
 Defined at:
		line 85 in file "R:\Note\Sistema I\Ultimo C no MPLAB\main.c"
 Parameters:    Size  Location     Type
  x               3   29[BANK0 ] float 
  a               3   32[BANK0 ] float 
  b               3   35[BANK0 ] float 
  c               3   38[BANK0 ] float 
  d               3   41[BANK0 ] float 
 Auto vars:     Size  Location     Type
  ua              3   44[BANK0 ] float 
 Return value:  Size  Location     Type
                  3   29[BANK0 ] float 
 Registers used:
		wreg, status,2, status,0, pclath, cstack
 Tracked objects:
		On entry : 
		On exit  : 
		Unchanged: 
 Data sizes:     COMMON   BANK0   BANK1   BANK3   BANK2
      Params:         0      15       0       0       0
      Locals:         0       3       0       0       0
      Temps:          0       0       0       0       0
      Totals:         0      18       0       0       0
Total ram usage:       18 bytes
 Hardware stack levels used:    1
 Hardware stack levels required when called:    2
 This function calls:
		___ftadd
		___ftdiv
		___ftge
		___ftneg
 This function is called by:
		_Fuzzy
 This function uses a non-reentrant model


 *************** function ___ftneg *****************
 Defined at:
		line 15 in file "C:\Program Files (x86)\Microchip\xc8\v1.33\sources\common\ftneg.c"
 Parameters:    Size  Location     Type
  f1              3    0[COMMON] float 
 Auto vars:     Size  Location     Type
		None
 Return value:  Size  Location     Type
                  3    0[COMMON] float 
 Registers used:
		wreg
 Tracked objects:
		On entry : 
		On exit  : 
		Unchanged: 
 Data sizes:     COMMON   BANK0   BANK1   BANK3   BANK2
      Params:         3       0       0       0       0
      Locals:         0       0       0       0       0
      Temps:          0       0       0       0       0
      Totals:         3       0       0       0       0
Total ram usage:        3 bytes
 Hardware stack levels used:    1
 This function calls:
		Nothing
 This function is called by:
		_trimf
		_trapmf
 This function uses a non-reentrant model


 *************** function ___ftdiv *****************
 Defined at:
		line 49 in file "C:\Program Files (x86)\Microchip\xc8\v1.33\sources\pic\ftdiv.c"
 Parameters:    Size  Location     Type
  f2              3   13[BANK0 ] float 
  f1              3   16[BANK0 ] float 
 Auto vars:     Size  Location     Type
  f3              3   24[BANK0 ] float 
  sign            1   28[BANK0 ] unsigned char 
  exp             1   27[BANK0 ] unsigned char 
  cntr            1   23[BANK0 ] unsigned char 
 Return value:  Size  Location     Type
                  3   13[BANK0 ] float 
 Registers used:
		wreg, status,2, status,0, pclath, cstack
 Tracked objects:
		On entry : 
		On exit  : 
		Unchanged: 
 Data sizes:     COMMON   BANK0   BANK1   BANK3   BANK2
      Params:         0       6       0       0       0
      Locals:         0       6       0       0       0
      Temps:          0       4       0       0       0
      Totals:         0      16       0       0       0
Total ram usage:       16 bytes
 Hardware stack levels used:    1
 Hardware stack levels required when called:    1
 This function calls:
		___ftpack
 This function is called by:
		_trimf
		_trapmf
		_Fuzzy
 This function uses a non-reentrant model


 *************** function ___ftadd *****************
 Defined at:
		line 86 in file "C:\Program Files (x86)\Microchip\xc8\v1.33\sources\common\ftadd.c"
 Parameters:    Size  Location     Type
  f1              3    0[BANK0 ] float 
  f2              3    3[BANK0 ] float 
 Auto vars:     Size  Location     Type
  exp1            1   12[BANK0 ] unsigned char 
  exp2            1   11[BANK0 ] unsigned char 
  sign            1   10[BANK0 ] unsigned char 
 Return value:  Size  Location     Type
                  3    0[BANK0 ] float 
 Registers used:
		wreg, status,2, status,0, pclath, cstack
 Tracked objects:
		On entry : 
		On exit  : 
		Unchanged: 
 Data sizes:     COMMON   BANK0   BANK1   BANK3   BANK2
      Params:         0       6       0       0       0
      Locals:         0       3       0       0       0
      Temps:          0       4       0       0       0
      Totals:         0      13       0       0       0
Total ram usage:       13 bytes
 Hardware stack levels used:    1
 Hardware stack levels required when called:    1
 This function calls:
		___ftpack
 This function is called by:
		_trimf
		_trapmf
		_Fuzzy
 This function uses a non-reentrant model


 *************** function _max_val *****************
 Defined at:
		line 153 in file "R:\Note\Sistema I\Ultimo C no MPLAB\main.c"
 Parameters:    Size  Location     Type
  a               3   12[BANK0 ] float 
  b               3   15[BANK0 ] float 
 Auto vars:     Size  Location     Type
		None
 Return value:  Size  Location     Type
                  3   12[BANK0 ] float 
 Registers used:
		wreg, status,2, status,0, pclath, cstack
 Tracked objects:
		On entry : 
		On exit  : 
		Unchanged: 
 Data sizes:     COMMON   BANK0   BANK1   BANK3   BANK2
      Params:         0       6       0       0       0
      Locals:         0       0       0       0       0
      Temps:          0       0       0       0       0
      Totals:         0       6       0       0       0
Total ram usage:        6 bytes
 Hardware stack levels used:    1
 Hardware stack levels required when called:    1
 This function calls:
		___ftge
 This function is called by:
		_Fuzzy
 This function uses a non-reentrant model


 *************** function ___ftge *****************
 Defined at:
		line 4 in file "C:\Program Files (x86)\Microchip\xc8\v1.33\sources\common\ftge.c"
 Parameters:    Size  Location     Type
  ff1             3    0[BANK0 ] float 
  ff2             3    3[BANK0 ] float 
 Auto vars:     Size  Location     Type
		None
 Return value:  Size  Location     Type
		None               void
 Registers used:
		wreg, status,2, status,0
 Tracked objects:
		On entry : 
		On exit  : 
		Unchanged: 
 Data sizes:     COMMON   BANK0   BANK1   BANK3   BANK2
      Params:         0       6       0       0       0
      Locals:         0       0       0       0       0
      Temps:          0       6       0       0       0
      Totals:         0      12       0       0       0
Total ram usage:       12 bytes
 Hardware stack levels used:    1
 This function calls:
		Nothing
 This function is called by:
		_trimf
		_trapmf
		_max_val
		_Fuzzy
		_min_val
 This function uses a non-reentrant model


 *************** function ___lwtoft *****************
 Defined at:
		line 28 in file "C:\Program Files (x86)\Microchip\xc8\v1.33\sources\common\lwtoft.c"
 Parameters:    Size  Location     Type
  c               2    8[COMMON] unsigned int 
 Auto vars:     Size  Location     Type
		None
 Return value:  Size  Location     Type
                  3    8[COMMON] float 
 Registers used:
		wreg, status,2, status,0, pclath, cstack
 Tracked objects:
		On entry : 
		On exit  : 
		Unchanged: 
 Data sizes:     COMMON   BANK0   BANK1   BANK3   BANK2
      Params:         3       0       0       0       0
      Locals:         0       0       0       0       0
      Temps:          1       0       0       0       0
      Totals:         4       0       0       0       0
Total ram usage:        4 bytes
 Hardware stack levels used:    1
 Hardware stack levels required when called:    1
 This function calls:
		___ftpack
 This function is called by:
		_Fuzzy
 This function uses a non-reentrant model


 *************** function ___lwdiv *****************
 Defined at:
		line 6 in file "C:\Program Files (x86)\Microchip\xc8\v1.33\sources\common\lwdiv.c"
 Parameters:    Size  Location     Type
  divisor         2    0[COMMON] unsigned int 
  dividend        2    2[COMMON] unsigned int 
 Auto vars:     Size  Location     Type
  quotient        2    5[COMMON] unsigned int 
  counter         1    7[COMMON] unsigned char 
 Return value:  Size  Location     Type
                  2    0[COMMON] unsigned int 
 Registers used:
		wreg, status,2, status,0
 Tracked objects:
		On entry : 
		On exit  : 
		Unchanged: 
 Data sizes:     COMMON   BANK0   BANK1   BANK3   BANK2
      Params:         4       0       0       0       0
      Locals:         3       0       0       0       0
      Temps:          1       0       0       0       0
      Totals:         8       0       0       0       0
Total ram usage:        8 bytes
 Hardware stack levels used:    1
 This function calls:
		Nothing
 This function is called by:
		_Fuzzy
		_ISR
 This function uses a non-reentrant model


 *************** function ___fttol *****************
 Defined at:
		line 44 in file "C:\Program Files (x86)\Microchip\xc8\v1.33\sources\common\fttol.c"
 Parameters:    Size  Location     Type
  f1              3   47[BANK0 ] float 
 Auto vars:     Size  Location     Type
  lval            4   56[BANK0 ] unsigned long 
  exp1            1   60[BANK0 ] unsigned char 
  sign1           1   55[BANK0 ] unsigned char 
 Return value:  Size  Location     Type
                  4   47[BANK0 ] long 
 Registers used:
		wreg, status,2, status,0
 Tracked objects:
		On entry : 
		On exit  : 
		Unchanged: 
 Data sizes:     COMMON   BANK0   BANK1   BANK3   BANK2
      Params:         0       4       0       0       0
      Locals:         0       6       0       0       0
      Temps:          0       4       0       0       0
      Totals:         0      14       0       0       0
Total ram usage:       14 bytes
 Hardware stack levels used:    1
 This function calls:
		Nothing
 This function is called by:
		_Fuzzy
 This function uses a non-reentrant model


 *************** function ___ftmul *****************
 Defined at:
		line 62 in file "C:\Program Files (x86)\Microchip\xc8\v1.33\sources\common\ftmul.c"
 Parameters:    Size  Location     Type
  f1              3    8[COMMON] float 
  f2              3   11[COMMON] float 
 Auto vars:     Size  Location     Type
  f3_as_produc    3    5[BANK0 ] unsigned um
  sign            1    9[BANK0 ] unsigned char 
  cntr            1    8[BANK0 ] unsigned char 
  exp             1    4[BANK0 ] unsigned char 
 Return value:  Size  Location     Type
                  3    8[COMMON] float 
 Registers used:
		wreg, status,2, status,0, pclath, cstack
 Tracked objects:
		On entry : 
		On exit  : 
		Unchanged: 
 Data sizes:     COMMON   BANK0   BANK1   BANK3   BANK2
      Params:         6       0       0       0       0
      Locals:         0       6       0       0       0
      Temps:          0       4       0       0       0
      Totals:         6      10       0       0       0
Total ram usage:       16 bytes
 Hardware stack levels used:    1
 Hardware stack levels required when called:    1
 This function calls:
		___ftpack
 This function is called by:
		_Fuzzy
 This function uses a non-reentrant model


 *************** function ___awtoft *****************
 Defined at:
		line 32 in file "C:\Program Files (x86)\Microchip\xc8\v1.33\sources\common\awtoft.c"
 Parameters:    Size  Location     Type
  c               2    8[COMMON] int 
 Auto vars:     Size  Location     Type
  sign            1   13[COMMON] unsigned char 
 Return value:  Size  Location     Type
                  3    8[COMMON] float 
 Registers used:
		wreg, status,2, status,0, pclath, cstack
 Tracked objects:
		On entry : 
		On exit  : 
		Unchanged: 
 Data sizes:     COMMON   BANK0   BANK1   BANK3   BANK2
      Params:         3       0       0       0       0
      Locals:         1       0       0       0       0
      Temps:          2       0       0       0       0
      Totals:         6       0       0       0       0
Total ram usage:        6 bytes
 Hardware stack levels used:    1
 Hardware stack levels required when called:    1
 This function calls:
		___ftpack
 This function is called by:
		_Fuzzy
 This function uses a non-reentrant model


 *************** function ___ftpack *****************
 Defined at:
		line 62 in file "C:\Program Files (x86)\Microchip\xc8\v1.33\sources\common\float.c"
 Parameters:    Size  Location     Type
  arg             3    0[COMMON] unsigned um
  exp             1    3[COMMON] unsigned char 
  sign            1    4[COMMON] unsigned char 
 Auto vars:     Size  Location     Type
		None
 Return value:  Size  Location     Type
                  3    0[COMMON] float 
 Registers used:
		wreg, status,2, status,0
 Tracked objects:
		On entry : 
		On exit  : 
		Unchanged: 
 Data sizes:     COMMON   BANK0   BANK1   BANK3   BANK2
      Params:         5       0       0       0       0
      Locals:         0       0       0       0       0
      Temps:          3       0       0       0       0
      Totals:         8       0       0       0       0
Total ram usage:        8 bytes
 Hardware stack levels used:    1
 This function calls:
		Nothing
 This function is called by:
		___awtoft
		___ftadd
		___ftdiv
		___ftmul
		___lwtoft
 This function uses a non-reentrant model



MODULE INFORMATION

Module		Function		Class		Link	Load	Size
R:\Note\Sistema I\Ultimo C no MPLAB\usart.c
		_USART_WriteCha		CODE           	151F	0000	8
		_USART_ReceiveC		CODE           	158B	0000	24
		_USART_WriteStr		CODE           	15BE	0000	28
		_USART_Init    		CODE           	0810	0000	75

R:\Note\Sistema I\Ultimo C no MPLAB\usart.c estimated size: 135

C:\Program Files (x86)\Microchip\xc8\v1.33\sources\common\ftneg.c
		___ftneg       		CODE           	1517	0000	8

C:\Program Files (x86)\Microchip\xc8\v1.33\sources\common\ftneg.c estimated size: 8

C:\Program Files (x86)\Microchip\xc8\v1.33\sources\common\ftge.c
		___ftge        		CODE           	1739	0000	95

C:\Program Files (x86)\Microchip\xc8\v1.33\sources\common\ftge.c estimated size: 95

C:\Program Files (x86)\Microchip\xc8\v1.33\sources\common\float.c
		___ftpack      		CODE           	1798	0000	104

C:\Program Files (x86)\Microchip\xc8\v1.33\sources\common\float.c estimated size: 104

R:\Note\Sistema I\Ultimo C no MPLAB\pwm.c
		_PWM_DutyCycle1		CODE           	1639	0000	33
		_PWM_DutyCycle2		CODE           	07DE	0000	33
		_PWM_Init      		CODE           	167D	0000	36

R:\Note\Sistema I\Ultimo C no MPLAB\pwm.c estimated size: 102

C:\Program Files (x86)\Microchip\xc8\v1.33\sources\common\Umul16.c
		___wmul        		CODE           	165A	0000	35

C:\Program Files (x86)\Microchip\xc8\v1.33\sources\common\Umul16.c estimated size: 35

R:\Note\Sistema I\Ultimo C no MPLAB\adc.c
		_ADC_Init      		CODE           	1537	0000	18

R:\Note\Sistema I\Ultimo C no MPLAB\adc.c estimated size: 18

C:\Program Files (x86)\Microchip\xc8\v1.33\sources\common\ftmul.c
		___ftmul       		CODE           	0AF7	0000	209

C:\Program Files (x86)\Microchip\xc8\v1.33\sources\common\ftmul.c estimated size: 209

C:\Program Files (x86)\Microchip\xc8\v1.33\sources\common\lwdiv.c
		___lwdiv       		CODE           	16FB	0000	62

C:\Program Files (x86)\Microchip\xc8\v1.33\sources\common\lwdiv.c estimated size: 62

R:\Note\Sistema I\Ultimo C no MPLAB\lcd.c
		_LCD_Init      		CODE           	085B	0000	107
		_LCD_WriteStrin		CODE           	16CA	0000	49
		_LCD_Clear     		CODE           	16A1	0000	41
		_LCD_Cursor    		CODE           	15F8	0000	32
		_LCD_WriteCmd  		CODE           	155D	0000	23
		_LCD_WriteData 		CODE           	1574	0000	23

R:\Note\Sistema I\Ultimo C no MPLAB\lcd.c estimated size: 275

shared
		i1_TIMER0_Set  		CODE           	150B	0000	6
		__stringtab    		STRING         	1000	0000	16
		i1_PWM_DutyCycl		CODE           	15A3	0000	27
		__stringdata   		STRING         	1010	0000	77
		__initializatio		CODE           	0015	0000	90

shared estimated size: 216

C:\Program Files (x86)\Microchip\xc8\v1.33\sources\common\aldiv.c
		___aldiv       		CODE           	097E	0000	187

C:\Program Files (x86)\Microchip\xc8\v1.33\sources\common\aldiv.c estimated size: 187

C:\Program Files (x86)\Microchip\xc8\v1.33\sources\common\fttol.c
		___fttol       		CODE           	0750	0000	142

C:\Program Files (x86)\Microchip\xc8\v1.33\sources\common\fttol.c estimated size: 142

C:\Program Files (x86)\Microchip\xc8\v1.33\sources\common\awtoft.c
		___awtoft      		CODE           	1618	0000	33

C:\Program Files (x86)\Microchip\xc8\v1.33\sources\common\awtoft.c estimated size: 33

R:\Note\Sistema I\Ultimo C no MPLAB\timers.c
		_TIMER0_Set    		CODE           	1527	0000	8
		_TIMER0_Init   		CODE           	0805	0000	11

R:\Note\Sistema I\Ultimo C no MPLAB\timers.c estimated size: 19

C:\Program Files (x86)\Microchip\xc8\v1.33\sources\common\ftadd.c
		___ftadd       		CODE           	0CA1	0000	265

C:\Program Files (x86)\Microchip\xc8\v1.33\sources\common\ftadd.c estimated size: 265

C:\Program Files (x86)\Microchip\xc8\v1.33\sources\pic\ftdiv.c
		___ftdiv       		CODE           	08C6	0000	184

C:\Program Files (x86)\Microchip\xc8\v1.33\sources\pic\ftdiv.c estimated size: 184

C:\Program Files (x86)\Microchip\xc8\v1.33\sources\common\lwtoft.c
		___lwtoft      		CODE           	1549	0000	20

C:\Program Files (x86)\Microchip\xc8\v1.33\sources\common\lwtoft.c estimated size: 20

R:\Note\Sistema I\Ultimo C no MPLAB\main.c
		_ISR           		CODE           	0ECE	0000	306
		_trimf         		CODE           	0DAA	0000	292
		_main          		CODE           	0BC8	0000	217
		_trapmf        		CODE           	05FA	0000	342
		_max_val       		CODE           	15DA	0000	30
		_send          		CODE           	0A39	0000	190
		_Fuzzy         		CODE           	0073	0000	1415

R:\Note\Sistema I\Ultimo C no MPLAB\main.c estimated size: 2792

